<html>
<body>
<pre>
<h1>µVision Build Log</h1>
<h2>Tool Versions:</h2>
IDE-Version: µVision V5.29.0.0
Copyright (C) 2019 ARM Ltd and ARM Germany GmbH. All rights reserved.
License Information: Melxo Brujo, HP Inc., LIC=----
 
Tool Versions:
Toolchain:       MDK-Lite  Version: 5.29.0.0
Toolchain Path:  C:\Keil_v5\ARM\ARMCC\Bin
C Compiler:      Armcc.exe V5.06 update 6 (build 750)
Assembler:       Armasm.exe V5.06 update 6 (build 750)
Linker/Locator:  ArmLink.exe V5.06 update 6 (build 750)
Library Manager: ArmAr.exe V5.06 update 6 (build 750)
Hex Converter:   FromElf.exe V5.06 update 6 (build 750)
CPU DLL:         SARMCM3.DLL V5.29.0.0
Dialog DLL:      DCM.DLL V1.17.3.0
Target DLL:      STLink\ST-LINKIII-KEIL_SWO.dll V3.0.7.0
Dialog DLL:      TCM.DLL V1.36.5.0
 
<h2>Project:</h2>
C:\Users\bouyo\Documents\Informática II\Proyectos_Informatica_II\Practica_5_MASK\plantilla_ITM_debug.uvprojx
Project File Date:  02/29/2020

<h2>Output:</h2>
*** Using Compiler 'V5.06 update 6 (build 750)', folder: 'C:\Keil_v5\ARM\ARMCC\Bin'
Rebuild target 'plantilla_ITM_debug'
compiling binario.c...
..\Terceros\binario\binario.c(27): warning:  #223-D: function "printf" declared implicitly
     while(nr<16) {printf("%d",0); nr++;}
..\Terceros\binario\binario.c(35): warning:  #223-D: function "printf" declared implicitly
     printf("%d",aux);//<-Al poner la llamada de impresion despues de la llamada
..\Terceros\binario\binario.c: 2 warnings, 0 errors
compiling myconfig.c...
compiling misc.c...
compiling stm32f4xx_exti.c...
compiling system_stm32f4xx.c...
compiling stm32f4_discovery.c...
compiling main.c...
compiling stm32f4xx_gpio.c...
compiling fputc_debug.c...
compiling stm32f4xx_it.c...
assembling startup_stm32f4xx.s...
compiling stm32f4xx_rcc.c...
compiling stm32f4xx_syscfg.c...
linking...
Program Size: Code=1492 RO-data=424 RW-data=32 ZI-data=1024  
".\output\plantilla_ITM_debug.axf" - 0 Error(s), 2 Warning(s).

<h2>Software Packages used:</h2>

Package Vendor: ARM
                http://www.keil.com/pack/ARM.CMSIS.5.6.0.pack
                ARM.CMSIS.5.6.0
                CMSIS (Cortex Microcontroller Software Interface Standard)
   * Component: CORE Version: 5.3.0

Package Vendor: Keil
                http://www.keil.com/pack/Keil.STM32F4xx_DFP.2.14.0.pack
                Keil.STM32F4xx_DFP.2.14.0
                STMicroelectronics STM32F4 Series Device Support, Drivers and Examples

<h2>Collection of Component include folders:</h2>
  .\RTE\_plantilla_ITM_debug
  C:\Users\bouyo\AppData\Local\Arm\Packs\ARM\CMSIS\5.6.0\CMSIS\Core\Include
  C:\Users\bouyo\AppData\Local\Arm\Packs\Keil\STM32F4xx_DFP\2.14.0\Drivers\CMSIS\Device\ST\STM32F4xx\Include

<h2>Collection of Component Files used:</h2>

   * Component: ARM::CMSIS:CORE:5.3.0
Build Time Elapsed:  00:00:02
</pre>
</body>
</html>
