Component: ARM Compiler 5.06 update 6 (build 750) Tool: armlink [4d35ed]

==============================================================================

Section Cross References

    system_stm32f4xx.o(i.SystemCoreClockUpdate) refers to system_stm32f4xx.o(.data) for SystemCoreClock
    system_stm32f4xx.o(i.SystemInit) refers to system_stm32f4xx.o(i.SetSysClock) for SetSysClock
    main.o(i.Delay_ms) refers to stm32f4xx_it.o(.data) for timeTicks
    main.o(i.EXT_INT_Config_PA0) refers to stm32f4xx_rcc.o(i.RCC_APB2PeriphClockCmd) for RCC_APB2PeriphClockCmd
    main.o(i.EXT_INT_Config_PA0) refers to stm32f4xx_syscfg.o(i.SYSCFG_EXTILineConfig) for SYSCFG_EXTILineConfig
    main.o(i.EXT_INT_Config_PA0) refers to stm32f4xx_exti.o(i.EXTI_Init) for EXTI_Init
    main.o(i.EXT_INT_Config_PA0) refers to misc.o(i.NVIC_Init) for NVIC_Init
    main.o(i.main) refers to main.o(i.EXT_INT_Config_PA0) for EXT_INT_Config_PA0
    main.o(i.main) refers to tm_stm32f4_usart.o(i.TM_USART_Init) for TM_USART_Init
    main.o(i.main) refers to tm_stm32f4_usart.o(i.TM_USART_Getc) for TM_USART_Getc
    main.o(i.main) refers to printf1.o(i.__0sprintf$1) for __2sprintf
    main.o(i.main) refers to tm_stm32f4_usart.o(i.TM_USART_Puts) for TM_USART_Puts
    main.o(i.main) refers to main.o(i.Delay_ms) for Delay_ms
    main.o(i.main) refers to main.o(.data) for ContadorPinA0
    stm32f4xx_it.o(i.EXTI0_IRQHandler) refers to stm32f4xx_exti.o(i.EXTI_GetITStatus) for EXTI_GetITStatus
    stm32f4xx_it.o(i.EXTI0_IRQHandler) refers to stm32f4xx_gpio.o(i.GPIO_ReadInputDataBit) for GPIO_ReadInputDataBit
    stm32f4xx_it.o(i.EXTI0_IRQHandler) refers to stm32f4xx_exti.o(i.EXTI_ClearITPendingBit) for EXTI_ClearITPendingBit
    stm32f4xx_it.o(i.EXTI0_IRQHandler) refers to main.o(.data) for ContadorPinA0
    stm32f4xx_it.o(i.SysTick_Handler) refers to stm32f4xx_it.o(.data) for timeTicks
    tm_stm32f4_gpio.o(i.TM_GPIO_DeInit) refers to tm_stm32f4_gpio.o(i.TM_GPIO_GetPortSource) for TM_GPIO_GetPortSource
    tm_stm32f4_gpio.o(i.TM_GPIO_DeInit) refers to tm_stm32f4_gpio.o(.bss) for GPIO_UsedPins
    tm_stm32f4_gpio.o(i.TM_GPIO_GetFreePins) refers to tm_stm32f4_gpio.o(i.TM_GPIO_GetPortSource) for TM_GPIO_GetPortSource
    tm_stm32f4_gpio.o(i.TM_GPIO_GetFreePins) refers to tm_stm32f4_gpio.o(.bss) for GPIO_UsedPins
    tm_stm32f4_gpio.o(i.TM_GPIO_GetUsedPins) refers to tm_stm32f4_gpio.o(i.TM_GPIO_GetPortSource) for TM_GPIO_GetPortSource
    tm_stm32f4_gpio.o(i.TM_GPIO_GetUsedPins) refers to tm_stm32f4_gpio.o(.bss) for GPIO_UsedPins
    tm_stm32f4_gpio.o(i.TM_GPIO_INT_DisableClock) refers to tm_stm32f4_gpio.o(i.TM_GPIO_GetPortSource) for TM_GPIO_GetPortSource
    tm_stm32f4_gpio.o(i.TM_GPIO_INT_EnableClock) refers to tm_stm32f4_gpio.o(i.TM_GPIO_GetPortSource) for TM_GPIO_GetPortSource
    tm_stm32f4_gpio.o(i.TM_GPIO_INT_Init) refers to tm_stm32f4_gpio.o(i.TM_GPIO_GetPortSource) for TM_GPIO_GetPortSource
    tm_stm32f4_gpio.o(i.TM_GPIO_INT_Init) refers to tm_stm32f4_gpio.o(.bss) for GPIO_UsedPins
    tm_stm32f4_gpio.o(i.TM_GPIO_Init) refers to tm_stm32f4_gpio.o(i.TM_GPIO_INT_EnableClock) for TM_GPIO_INT_EnableClock
    tm_stm32f4_gpio.o(i.TM_GPIO_Init) refers to tm_stm32f4_gpio.o(i.TM_GPIO_INT_Init) for TM_GPIO_INT_Init
    tm_stm32f4_gpio.o(i.TM_GPIO_InitAlternate) refers to tm_stm32f4_gpio.o(i.TM_GPIO_INT_EnableClock) for TM_GPIO_INT_EnableClock
    tm_stm32f4_gpio.o(i.TM_GPIO_InitAlternate) refers to tm_stm32f4_gpio.o(i.TM_GPIO_INT_Init) for TM_GPIO_INT_Init
    tm_stm32f4_usart.o(i.TM_USART1_InitPins) refers to tm_stm32f4_gpio.o(i.TM_GPIO_InitAlternate) for TM_GPIO_InitAlternate
    tm_stm32f4_usart.o(i.TM_USART1_InitPins) refers to tm_stm32f4_usart.o(i.TM_USART_InitCustomPinsCallback) for TM_USART_InitCustomPinsCallback
    tm_stm32f4_usart.o(i.TM_USART2_InitPins) refers to tm_stm32f4_gpio.o(i.TM_GPIO_InitAlternate) for TM_GPIO_InitAlternate
    tm_stm32f4_usart.o(i.TM_USART2_InitPins) refers to tm_stm32f4_usart.o(i.TM_USART_InitCustomPinsCallback) for TM_USART_InitCustomPinsCallback
    tm_stm32f4_usart.o(i.TM_USART6_InitPins) refers to tm_stm32f4_gpio.o(i.TM_GPIO_InitAlternate) for TM_GPIO_InitAlternate
    tm_stm32f4_usart.o(i.TM_USART6_InitPins) refers to tm_stm32f4_usart.o(i.TM_USART_InitCustomPinsCallback) for TM_USART_InitCustomPinsCallback
    tm_stm32f4_usart.o(i.TM_USART_BufferEmpty) refers to tm_stm32f4_usart.o(i.TM_USART_INT_GetUsart) for TM_USART_INT_GetUsart
    tm_stm32f4_usart.o(i.TM_USART_BufferFull) refers to tm_stm32f4_usart.o(i.TM_USART_INT_GetUsart) for TM_USART_INT_GetUsart
    tm_stm32f4_usart.o(i.TM_USART_ClearBuffer) refers to tm_stm32f4_usart.o(i.TM_USART_INT_GetUsart) for TM_USART_INT_GetUsart
    tm_stm32f4_usart.o(i.TM_USART_FindCharacter) refers to tm_stm32f4_usart.o(i.TM_USART_INT_GetUsart) for TM_USART_INT_GetUsart
    tm_stm32f4_usart.o(i.TM_USART_Getc) refers to tm_stm32f4_usart.o(i.TM_USART_INT_GetUsart) for TM_USART_INT_GetUsart
    tm_stm32f4_usart.o(i.TM_USART_Gets) refers to tm_stm32f4_usart.o(i.TM_USART_INT_GetUsart) for TM_USART_INT_GetUsart
    tm_stm32f4_usart.o(i.TM_USART_Gets) refers to tm_stm32f4_usart.o(i.TM_USART_FindCharacter) for TM_USART_FindCharacter
    tm_stm32f4_usart.o(i.TM_USART_Gets) refers to tm_stm32f4_usart.o(i.TM_USART_Getc) for TM_USART_Getc
    tm_stm32f4_usart.o(i.TM_USART_INT_GetUsart) refers to tm_stm32f4_usart.o(.data) for TM_USART1
    tm_stm32f4_usart.o(i.TM_USART_INT_Init) refers to tm_stm32f4_usart.o(i.TM_USART_INT_GetUsart) for TM_USART_INT_GetUsart
    tm_stm32f4_usart.o(i.TM_USART_INT_Init) refers to tm_stm32f4_usart.o(i.TM_USART1_InitPins) for TM_USART1_InitPins
    tm_stm32f4_usart.o(i.TM_USART_INT_Init) refers to tm_stm32f4_usart.o(i.TM_USART2_InitPins) for TM_USART2_InitPins
    tm_stm32f4_usart.o(i.TM_USART_INT_Init) refers to tm_stm32f4_usart.o(i.TM_USART6_InitPins) for TM_USART6_InitPins
    tm_stm32f4_usart.o(i.TM_USART_INT_Init) refers to stm32f4xx_usart.o(i.USART_DeInit) for USART_DeInit
    tm_stm32f4_usart.o(i.TM_USART_INT_Init) refers to tm_stm32f4_usart.o(i.TM_USART_INT_GetSubPriority) for TM_USART_INT_GetSubPriority
    tm_stm32f4_usart.o(i.TM_USART_INT_Init) refers to misc.o(i.NVIC_Init) for NVIC_Init
    tm_stm32f4_usart.o(i.TM_USART_INT_Init) refers to stm32f4xx_usart.o(i.USART_Init) for USART_Init
    tm_stm32f4_usart.o(i.TM_USART_Init) refers to tm_stm32f4_usart.o(i.TM_USART_INT_Init) for TM_USART_INT_Init
    tm_stm32f4_usart.o(i.TM_USART_InitWithFlowControl) refers to tm_stm32f4_usart.o(i.TM_USART_INT_Init) for TM_USART_INT_Init
    tm_stm32f4_usart.o(i.TM_USART_Puts) refers to tm_stm32f4_usart.o(i.TM_USART_INT_GetUsart) for TM_USART_INT_GetUsart
    tm_stm32f4_usart.o(i.TM_USART_Send) refers to tm_stm32f4_usart.o(i.TM_USART_INT_GetUsart) for TM_USART_INT_GetUsart
    tm_stm32f4_usart.o(i.TM_USART_SetCustomStringEndCharacter) refers to tm_stm32f4_usart.o(i.TM_USART_INT_GetUsart) for TM_USART_INT_GetUsart
    tm_stm32f4_usart.o(i.USART1_IRQHandler) refers to tm_stm32f4_usart.o(i.TM_USART_INT_InsertToBuffer) for TM_USART_INT_InsertToBuffer
    tm_stm32f4_usart.o(i.USART1_IRQHandler) refers to tm_stm32f4_usart.o(.data) for TM_USART1
    tm_stm32f4_usart.o(i.USART2_IRQHandler) refers to tm_stm32f4_usart.o(i.TM_USART_INT_InsertToBuffer) for TM_USART_INT_InsertToBuffer
    tm_stm32f4_usart.o(i.USART2_IRQHandler) refers to tm_stm32f4_usart.o(.data) for TM_USART2
    tm_stm32f4_usart.o(i.USART6_IRQHandler) refers to tm_stm32f4_usart.o(i.TM_USART_INT_InsertToBuffer) for TM_USART_INT_InsertToBuffer
    tm_stm32f4_usart.o(i.USART6_IRQHandler) refers to tm_stm32f4_usart.o(.data) for TM_USART6
    tm_stm32f4_usart.o(.data) refers to tm_stm32f4_usart.o(.bss) for TM_USART1_Buffer
    stm32f4_discovery.o(i.STM_EVAL_LEDInit) refers to stm32f4xx_rcc.o(i.RCC_AHB1PeriphClockCmd) for RCC_AHB1PeriphClockCmd
    stm32f4_discovery.o(i.STM_EVAL_LEDInit) refers to stm32f4xx_gpio.o(i.GPIO_Init) for GPIO_Init
    stm32f4_discovery.o(i.STM_EVAL_LEDInit) refers to stm32f4_discovery.o(.constdata) for GPIO_CLK
    stm32f4_discovery.o(i.STM_EVAL_LEDInit) refers to stm32f4_discovery.o(.data) for GPIO_PORT
    stm32f4_discovery.o(i.STM_EVAL_LEDOff) refers to stm32f4_discovery.o(.constdata) for GPIO_PIN
    stm32f4_discovery.o(i.STM_EVAL_LEDOff) refers to stm32f4_discovery.o(.data) for GPIO_PORT
    stm32f4_discovery.o(i.STM_EVAL_LEDOn) refers to stm32f4_discovery.o(.constdata) for GPIO_PIN
    stm32f4_discovery.o(i.STM_EVAL_LEDOn) refers to stm32f4_discovery.o(.data) for GPIO_PORT
    stm32f4_discovery.o(i.STM_EVAL_LEDToggle) refers to stm32f4_discovery.o(.data) for GPIO_PORT
    stm32f4_discovery.o(i.STM_EVAL_LEDToggle) refers to stm32f4_discovery.o(.constdata) for GPIO_PIN
    stm32f4_discovery.o(i.STM_EVAL_PBGetState) refers to stm32f4xx_gpio.o(i.GPIO_ReadInputDataBit) for GPIO_ReadInputDataBit
    stm32f4_discovery.o(i.STM_EVAL_PBGetState) refers to stm32f4_discovery.o(.constdata) for BUTTON_PIN
    stm32f4_discovery.o(i.STM_EVAL_PBGetState) refers to stm32f4_discovery.o(.data) for BUTTON_PORT
    stm32f4_discovery.o(i.STM_EVAL_PBInit) refers to stm32f4xx_rcc.o(i.RCC_AHB1PeriphClockCmd) for RCC_AHB1PeriphClockCmd
    stm32f4_discovery.o(i.STM_EVAL_PBInit) refers to stm32f4xx_rcc.o(i.RCC_APB2PeriphClockCmd) for RCC_APB2PeriphClockCmd
    stm32f4_discovery.o(i.STM_EVAL_PBInit) refers to stm32f4xx_gpio.o(i.GPIO_Init) for GPIO_Init
    stm32f4_discovery.o(i.STM_EVAL_PBInit) refers to stm32f4xx_syscfg.o(i.SYSCFG_EXTILineConfig) for SYSCFG_EXTILineConfig
    stm32f4_discovery.o(i.STM_EVAL_PBInit) refers to stm32f4xx_exti.o(i.EXTI_Init) for EXTI_Init
    stm32f4_discovery.o(i.STM_EVAL_PBInit) refers to misc.o(i.NVIC_Init) for NVIC_Init
    stm32f4_discovery.o(i.STM_EVAL_PBInit) refers to stm32f4_discovery.o(.constdata) for BUTTON_CLK
    stm32f4_discovery.o(i.STM_EVAL_PBInit) refers to stm32f4_discovery.o(.data) for BUTTON_PORT
    stm32f4xx_rcc.o(i.RCC_GetClocksFreq) refers to stm32f4xx_rcc.o(.data) for APBAHBPrescTable
    stm32f4xx_rcc.o(i.RCC_WaitForHSEStartUp) refers to stm32f4xx_rcc.o(i.RCC_GetFlagStatus) for RCC_GetFlagStatus
    stm32f4xx_gpio.o(i.GPIO_DeInit) refers to stm32f4xx_rcc.o(i.RCC_AHB1PeriphResetCmd) for RCC_AHB1PeriphResetCmd
    stm32f4xx_syscfg.o(i.SYSCFG_DeInit) refers to stm32f4xx_rcc.o(i.RCC_APB2PeriphResetCmd) for RCC_APB2PeriphResetCmd
    stm32f4xx_usart.o(i.USART_DeInit) refers to stm32f4xx_rcc.o(i.RCC_APB2PeriphResetCmd) for RCC_APB2PeriphResetCmd
    stm32f4xx_usart.o(i.USART_DeInit) refers to stm32f4xx_rcc.o(i.RCC_APB1PeriphResetCmd) for RCC_APB1PeriphResetCmd
    stm32f4xx_usart.o(i.USART_Init) refers to stm32f4xx_rcc.o(i.RCC_GetClocksFreq) for RCC_GetClocksFreq
    startup_stm32f4xx.o(RESET) refers to startup_stm32f4xx.o(STACK) for __initial_sp
    startup_stm32f4xx.o(RESET) refers to startup_stm32f4xx.o(.text) for Reset_Handler
    startup_stm32f4xx.o(RESET) refers to stm32f4xx_it.o(i.NMI_Handler) for NMI_Handler
    startup_stm32f4xx.o(RESET) refers to stm32f4xx_it.o(i.HardFault_Handler) for HardFault_Handler
    startup_stm32f4xx.o(RESET) refers to stm32f4xx_it.o(i.MemManage_Handler) for MemManage_Handler
    startup_stm32f4xx.o(RESET) refers to stm32f4xx_it.o(i.BusFault_Handler) for BusFault_Handler
    startup_stm32f4xx.o(RESET) refers to stm32f4xx_it.o(i.UsageFault_Handler) for UsageFault_Handler
    startup_stm32f4xx.o(RESET) refers to stm32f4xx_it.o(i.SVC_Handler) for SVC_Handler
    startup_stm32f4xx.o(RESET) refers to stm32f4xx_it.o(i.DebugMon_Handler) for DebugMon_Handler
    startup_stm32f4xx.o(RESET) refers to stm32f4xx_it.o(i.PendSV_Handler) for PendSV_Handler
    startup_stm32f4xx.o(RESET) refers to stm32f4xx_it.o(i.SysTick_Handler) for SysTick_Handler
    startup_stm32f4xx.o(RESET) refers to stm32f4xx_it.o(i.EXTI0_IRQHandler) for EXTI0_IRQHandler
    startup_stm32f4xx.o(RESET) refers to tm_stm32f4_usart.o(i.USART1_IRQHandler) for USART1_IRQHandler
    startup_stm32f4xx.o(RESET) refers to tm_stm32f4_usart.o(i.USART2_IRQHandler) for USART2_IRQHandler
    startup_stm32f4xx.o(RESET) refers to tm_stm32f4_usart.o(i.USART6_IRQHandler) for USART6_IRQHandler
    startup_stm32f4xx.o(.text) refers to system_stm32f4xx.o(i.SystemInit) for SystemInit
    startup_stm32f4xx.o(.text) refers to entry.o(.ARM.Collect$$$$00000000) for __main
    retarget_io.o(i.ITM_ReceiveChar) refers to retarget_io.o(.data) for ITM_RxBuffer
    retarget_io.o(i.__aeabi_assert) refers to fputs.o(i.fputs) for fputs
    retarget_io.o(i.__aeabi_assert) refers to retarget_io.o(i.abort) for abort
    retarget_io.o(i.__aeabi_assert) refers to stderr.o(.data) for __stderr
    retarget_io.o(i.fputc) refers to retarget_io.o(i.stdout_putchar) for stdout_putchar
    retarget_io.o(i.fputc) refers to fputc_debug.o(.data) for __stdout
    retarget_io.o(i.stdout_putchar) refers to retarget_io.o(i.ITM_SendChar) for ITM_SendChar
    entry.o(.ARM.Collect$$$$00000000) refers (Special) to entry10a.o(.ARM.Collect$$$$0000000D) for __rt_final_cpp
    entry.o(.ARM.Collect$$$$00000000) refers (Special) to entry11a.o(.ARM.Collect$$$$0000000F) for __rt_final_exit
    entry.o(.ARM.Collect$$$$00000000) refers (Special) to entry7b.o(.ARM.Collect$$$$00000008) for _main_clock
    entry.o(.ARM.Collect$$$$00000000) refers (Special) to entry8b.o(.ARM.Collect$$$$0000000A) for _main_cpp_init
    entry.o(.ARM.Collect$$$$00000000) refers (Special) to entry9a.o(.ARM.Collect$$$$0000000B) for _main_init
    entry.o(.ARM.Collect$$$$00000000) refers (Special) to entry5.o(.ARM.Collect$$$$00000004) for _main_scatterload
    entry.o(.ARM.Collect$$$$00000000) refers (Special) to entry2.o(.ARM.Collect$$$$00000001) for _main_stk
    fputs.o(i.fputs) refers to fputc_debug.o(i.fputc) for fputc
    fputs_e.o(.text) refers to fputc_debug.o(i.fputc) for fputc
    printfb.o(i.__0fprintf$bare) refers to printfb.o(i._printf_core) for _printf_core
    printfb.o(i.__0fprintf$bare) refers to fputc_debug.o(i.fputc) for fputc
    printfb.o(i.__0printf$bare) refers to printfb.o(i._printf_core) for _printf_core
    printfb.o(i.__0printf$bare) refers to fputc_debug.o(i.fputc) for fputc
    printfb.o(i.__0printf$bare) refers to fputc_debug.o(.data) for __stdout
    printfb.o(i.__0snprintf$bare) refers to printfb.o(i._printf_core) for _printf_core
    printfb.o(i.__0snprintf$bare) refers to printfb.o(i._snputc) for _snputc
    printfb.o(i.__0sprintf$bare) refers to printfb.o(i._printf_core) for _printf_core
    printfb.o(i.__0sprintf$bare) refers to printfb.o(i._sputc) for _sputc
    printfb.o(i.__0vfprintf$bare) refers to printfb.o(i._printf_core) for _printf_core
    printfb.o(i.__0vfprintf$bare) refers to fputc_debug.o(i.fputc) for fputc
    printfb.o(i.__0vprintf$bare) refers to printfb.o(i._printf_core) for _printf_core
    printfb.o(i.__0vprintf$bare) refers to fputc_debug.o(i.fputc) for fputc
    printfb.o(i.__0vprintf$bare) refers to fputc_debug.o(.data) for __stdout
    printfb.o(i.__0vsnprintf$bare) refers to printfb.o(i._printf_core) for _printf_core
    printfb.o(i.__0vsnprintf$bare) refers to printfb.o(i._snputc) for _snputc
    printfb.o(i.__0vsprintf$bare) refers to printfb.o(i._printf_core) for _printf_core
    printfb.o(i.__0vsprintf$bare) refers to printfb.o(i._sputc) for _sputc
    printf0.o(i.__0fprintf$0) refers to printf0.o(i._printf_core) for _printf_core
    printf0.o(i.__0fprintf$0) refers to fputc_debug.o(i.fputc) for fputc
    printf0.o(i.__0printf$0) refers to printf0.o(i._printf_core) for _printf_core
    printf0.o(i.__0printf$0) refers to fputc_debug.o(i.fputc) for fputc
    printf0.o(i.__0printf$0) refers to fputc_debug.o(.data) for __stdout
    printf0.o(i.__0snprintf$0) refers to printf0.o(i._printf_core) for _printf_core
    printf0.o(i.__0snprintf$0) refers to printf0.o(i._snputc) for _snputc
    printf0.o(i.__0sprintf$0) refers to printf0.o(i._printf_core) for _printf_core
    printf0.o(i.__0sprintf$0) refers to printf0.o(i._sputc) for _sputc
    printf0.o(i.__0vfprintf$0) refers to printf0.o(i._printf_core) for _printf_core
    printf0.o(i.__0vfprintf$0) refers to fputc_debug.o(i.fputc) for fputc
    printf0.o(i.__0vprintf$0) refers to printf0.o(i._printf_core) for _printf_core
    printf0.o(i.__0vprintf$0) refers to fputc_debug.o(i.fputc) for fputc
    printf0.o(i.__0vprintf$0) refers to fputc_debug.o(.data) for __stdout
    printf0.o(i.__0vsnprintf$0) refers to printf0.o(i._printf_core) for _printf_core
    printf0.o(i.__0vsnprintf$0) refers to printf0.o(i._snputc) for _snputc
    printf0.o(i.__0vsprintf$0) refers to printf0.o(i._printf_core) for _printf_core
    printf0.o(i.__0vsprintf$0) refers to printf0.o(i._sputc) for _sputc
    printf1.o(i.__0fprintf$1) refers to printf1.o(i._printf_core) for _printf_core
    printf1.o(i.__0fprintf$1) refers to fputc_debug.o(i.fputc) for fputc
    printf1.o(i.__0printf$1) refers to printf1.o(i._printf_core) for _printf_core
    printf1.o(i.__0printf$1) refers to fputc_debug.o(i.fputc) for fputc
    printf1.o(i.__0printf$1) refers to fputc_debug.o(.data) for __stdout
    printf1.o(i.__0snprintf$1) refers to printf1.o(i._printf_core) for _printf_core
    printf1.o(i.__0snprintf$1) refers to printf1.o(i._snputc) for _snputc
    printf1.o(i.__0sprintf$1) refers to printf1.o(i._printf_core) for _printf_core
    printf1.o(i.__0sprintf$1) refers to printf1.o(i._sputc) for _sputc
    printf1.o(i.__0vfprintf$1) refers to printf1.o(i._printf_core) for _printf_core
    printf1.o(i.__0vfprintf$1) refers to fputc_debug.o(i.fputc) for fputc
    printf1.o(i.__0vprintf$1) refers to printf1.o(i._printf_core) for _printf_core
    printf1.o(i.__0vprintf$1) refers to fputc_debug.o(i.fputc) for fputc
    printf1.o(i.__0vprintf$1) refers to fputc_debug.o(.data) for __stdout
    printf1.o(i.__0vsnprintf$1) refers to printf1.o(i._printf_core) for _printf_core
    printf1.o(i.__0vsnprintf$1) refers to printf1.o(i._snputc) for _snputc
    printf1.o(i.__0vsprintf$1) refers to printf1.o(i._printf_core) for _printf_core
    printf1.o(i.__0vsprintf$1) refers to printf1.o(i._sputc) for _sputc
    printf1.o(i._printf_core) refers to uidiv.o(.text) for __aeabi_uidivmod
    printf2.o(i.__0fprintf$2) refers to printf2.o(i._printf_core) for _printf_core
    printf2.o(i.__0fprintf$2) refers to fputc_debug.o(i.fputc) for fputc
    printf2.o(i.__0printf$2) refers to printf2.o(i._printf_core) for _printf_core
    printf2.o(i.__0printf$2) refers to fputc_debug.o(i.fputc) for fputc
    printf2.o(i.__0printf$2) refers to fputc_debug.o(.data) for __stdout
    printf2.o(i.__0snprintf$2) refers to printf2.o(i._printf_core) for _printf_core
    printf2.o(i.__0snprintf$2) refers to printf2.o(i._snputc) for _snputc
    printf2.o(i.__0sprintf$2) refers to printf2.o(i._printf_core) for _printf_core
    printf2.o(i.__0sprintf$2) refers to printf2.o(i._sputc) for _sputc
    printf2.o(i.__0vfprintf$2) refers to printf2.o(i._printf_core) for _printf_core
    printf2.o(i.__0vfprintf$2) refers to fputc_debug.o(i.fputc) for fputc
    printf2.o(i.__0vprintf$2) refers to printf2.o(i._printf_core) for _printf_core
    printf2.o(i.__0vprintf$2) refers to fputc_debug.o(i.fputc) for fputc
    printf2.o(i.__0vprintf$2) refers to fputc_debug.o(.data) for __stdout
    printf2.o(i.__0vsnprintf$2) refers to printf2.o(i._printf_core) for _printf_core
    printf2.o(i.__0vsnprintf$2) refers to printf2.o(i._snputc) for _snputc
    printf2.o(i.__0vsprintf$2) refers to printf2.o(i._printf_core) for _printf_core
    printf2.o(i.__0vsprintf$2) refers to printf2.o(i._sputc) for _sputc
    printf3.o(i.__0fprintf$3) refers to printf3.o(i._printf_core) for _printf_core
    printf3.o(i.__0fprintf$3) refers to fputc_debug.o(i.fputc) for fputc
    printf3.o(i.__0printf$3) refers to printf3.o(i._printf_core) for _printf_core
    printf3.o(i.__0printf$3) refers to fputc_debug.o(i.fputc) for fputc
    printf3.o(i.__0printf$3) refers to fputc_debug.o(.data) for __stdout
    printf3.o(i.__0snprintf$3) refers to printf3.o(i._printf_core) for _printf_core
    printf3.o(i.__0snprintf$3) refers to printf3.o(i._snputc) for _snputc
    printf3.o(i.__0sprintf$3) refers to printf3.o(i._printf_core) for _printf_core
    printf3.o(i.__0sprintf$3) refers to printf3.o(i._sputc) for _sputc
    printf3.o(i.__0vfprintf$3) refers to printf3.o(i._printf_core) for _printf_core
    printf3.o(i.__0vfprintf$3) refers to fputc_debug.o(i.fputc) for fputc
    printf3.o(i.__0vprintf$3) refers to printf3.o(i._printf_core) for _printf_core
    printf3.o(i.__0vprintf$3) refers to fputc_debug.o(i.fputc) for fputc
    printf3.o(i.__0vprintf$3) refers to fputc_debug.o(.data) for __stdout
    printf3.o(i.__0vsnprintf$3) refers to printf3.o(i._printf_core) for _printf_core
    printf3.o(i.__0vsnprintf$3) refers to printf3.o(i._snputc) for _snputc
    printf3.o(i.__0vsprintf$3) refers to printf3.o(i._printf_core) for _printf_core
    printf3.o(i.__0vsprintf$3) refers to printf3.o(i._sputc) for _sputc
    printf3.o(i._printf_core) refers to uidiv.o(.text) for __aeabi_uidivmod
    printf4.o(i.__0fprintf$4) refers to printf4.o(i._printf_core) for _printf_core
    printf4.o(i.__0fprintf$4) refers to fputc_debug.o(i.fputc) for fputc
    printf4.o(i.__0printf$4) refers to printf4.o(i._printf_core) for _printf_core
    printf4.o(i.__0printf$4) refers to fputc_debug.o(i.fputc) for fputc
    printf4.o(i.__0printf$4) refers to fputc_debug.o(.data) for __stdout
    printf4.o(i.__0snprintf$4) refers to printf4.o(i._printf_core) for _printf_core
    printf4.o(i.__0snprintf$4) refers to printf4.o(i._snputc) for _snputc
    printf4.o(i.__0sprintf$4) refers to printf4.o(i._printf_core) for _printf_core
    printf4.o(i.__0sprintf$4) refers to printf4.o(i._sputc) for _sputc
    printf4.o(i.__0vfprintf$4) refers to printf4.o(i._printf_core) for _printf_core
    printf4.o(i.__0vfprintf$4) refers to fputc_debug.o(i.fputc) for fputc
    printf4.o(i.__0vprintf$4) refers to printf4.o(i._printf_core) for _printf_core
    printf4.o(i.__0vprintf$4) refers to fputc_debug.o(i.fputc) for fputc
    printf4.o(i.__0vprintf$4) refers to fputc_debug.o(.data) for __stdout
    printf4.o(i.__0vsnprintf$4) refers to printf4.o(i._printf_core) for _printf_core
    printf4.o(i.__0vsnprintf$4) refers to printf4.o(i._snputc) for _snputc
    printf4.o(i.__0vsprintf$4) refers to printf4.o(i._printf_core) for _printf_core
    printf4.o(i.__0vsprintf$4) refers to printf4.o(i._sputc) for _sputc
    printf4.o(i._printf_core) refers to uldiv.o(.text) for __aeabi_uldivmod
    printf5.o(i.__0fprintf$5) refers to printf5.o(i._printf_core) for _printf_core
    printf5.o(i.__0fprintf$5) refers to fputc_debug.o(i.fputc) for fputc
    printf5.o(i.__0printf$5) refers to printf5.o(i._printf_core) for _printf_core
    printf5.o(i.__0printf$5) refers to fputc_debug.o(i.fputc) for fputc
    printf5.o(i.__0printf$5) refers to fputc_debug.o(.data) for __stdout
    printf5.o(i.__0snprintf$5) refers to printf5.o(i._printf_core) for _printf_core
    printf5.o(i.__0snprintf$5) refers to printf5.o(i._snputc) for _snputc
    printf5.o(i.__0sprintf$5) refers to printf5.o(i._printf_core) for _printf_core
    printf5.o(i.__0sprintf$5) refers to printf5.o(i._sputc) for _sputc
    printf5.o(i.__0vfprintf$5) refers to printf5.o(i._printf_core) for _printf_core
    printf5.o(i.__0vfprintf$5) refers to fputc_debug.o(i.fputc) for fputc
    printf5.o(i.__0vprintf$5) refers to printf5.o(i._printf_core) for _printf_core
    printf5.o(i.__0vprintf$5) refers to fputc_debug.o(i.fputc) for fputc
    printf5.o(i.__0vprintf$5) refers to fputc_debug.o(.data) for __stdout
    printf5.o(i.__0vsnprintf$5) refers to printf5.o(i._printf_core) for _printf_core
    printf5.o(i.__0vsnprintf$5) refers to printf5.o(i._snputc) for _snputc
    printf5.o(i.__0vsprintf$5) refers to printf5.o(i._printf_core) for _printf_core
    printf5.o(i.__0vsprintf$5) refers to printf5.o(i._sputc) for _sputc
    printf5.o(i._printf_core) refers to uldiv.o(.text) for __aeabi_uldivmod
    printf6.o(i.__0fprintf$6) refers to printf6.o(i._printf_core) for _printf_core
    printf6.o(i.__0fprintf$6) refers to fputc_debug.o(i.fputc) for fputc
    printf6.o(i.__0printf$6) refers to printf6.o(i._printf_core) for _printf_core
    printf6.o(i.__0printf$6) refers to fputc_debug.o(i.fputc) for fputc
    printf6.o(i.__0printf$6) refers to fputc_debug.o(.data) for __stdout
    printf6.o(i.__0snprintf$6) refers to printf6.o(i._printf_core) for _printf_core
    printf6.o(i.__0snprintf$6) refers to printf6.o(i._snputc) for _snputc
    printf6.o(i.__0sprintf$6) refers to printf6.o(i._printf_core) for _printf_core
    printf6.o(i.__0sprintf$6) refers to printf6.o(i._sputc) for _sputc
    printf6.o(i.__0vfprintf$6) refers to printf6.o(i._printf_core) for _printf_core
    printf6.o(i.__0vfprintf$6) refers to fputc_debug.o(i.fputc) for fputc
    printf6.o(i.__0vprintf$6) refers to printf6.o(i._printf_core) for _printf_core
    printf6.o(i.__0vprintf$6) refers to fputc_debug.o(i.fputc) for fputc
    printf6.o(i.__0vprintf$6) refers to fputc_debug.o(.data) for __stdout
    printf6.o(i.__0vsnprintf$6) refers to printf6.o(i._printf_core) for _printf_core
    printf6.o(i.__0vsnprintf$6) refers to printf6.o(i._snputc) for _snputc
    printf6.o(i.__0vsprintf$6) refers to printf6.o(i._printf_core) for _printf_core
    printf6.o(i.__0vsprintf$6) refers to printf6.o(i._sputc) for _sputc
    printf6.o(i._printf_core) refers to printf6.o(i._printf_pre_padding) for _printf_pre_padding
    printf6.o(i._printf_core) refers to uidiv.o(.text) for __aeabi_uidivmod
    printf6.o(i._printf_core) refers to printf6.o(i._printf_post_padding) for _printf_post_padding
    printf7.o(i.__0fprintf$7) refers to printf7.o(i._printf_core) for _printf_core
    printf7.o(i.__0fprintf$7) refers to fputc_debug.o(i.fputc) for fputc
    printf7.o(i.__0printf$7) refers to printf7.o(i._printf_core) for _printf_core
    printf7.o(i.__0printf$7) refers to fputc_debug.o(i.fputc) for fputc
    printf7.o(i.__0printf$7) refers to fputc_debug.o(.data) for __stdout
    printf7.o(i.__0snprintf$7) refers to printf7.o(i._printf_core) for _printf_core
    printf7.o(i.__0snprintf$7) refers to printf7.o(i._snputc) for _snputc
    printf7.o(i.__0sprintf$7) refers to printf7.o(i._printf_core) for _printf_core
    printf7.o(i.__0sprintf$7) refers to printf7.o(i._sputc) for _sputc
    printf7.o(i.__0vfprintf$7) refers to printf7.o(i._printf_core) for _printf_core
    printf7.o(i.__0vfprintf$7) refers to fputc_debug.o(i.fputc) for fputc
    printf7.o(i.__0vprintf$7) refers to printf7.o(i._printf_core) for _printf_core
    printf7.o(i.__0vprintf$7) refers to fputc_debug.o(i.fputc) for fputc
    printf7.o(i.__0vprintf$7) refers to fputc_debug.o(.data) for __stdout
    printf7.o(i.__0vsnprintf$7) refers to printf7.o(i._printf_core) for _printf_core
    printf7.o(i.__0vsnprintf$7) refers to printf7.o(i._snputc) for _snputc
    printf7.o(i.__0vsprintf$7) refers to printf7.o(i._printf_core) for _printf_core
    printf7.o(i.__0vsprintf$7) refers to printf7.o(i._sputc) for _sputc
    printf7.o(i._printf_core) refers to printf7.o(i._printf_pre_padding) for _printf_pre_padding
    printf7.o(i._printf_core) refers to uldiv.o(.text) for __aeabi_uldivmod
    printf7.o(i._printf_core) refers to printf7.o(i._printf_post_padding) for _printf_post_padding
    printf8.o(i.__0fprintf$8) refers to printf8.o(i._printf_core) for _printf_core
    printf8.o(i.__0fprintf$8) refers to fputc_debug.o(i.fputc) for fputc
    printf8.o(i.__0printf$8) refers to printf8.o(i._printf_core) for _printf_core
    printf8.o(i.__0printf$8) refers to fputc_debug.o(i.fputc) for fputc
    printf8.o(i.__0printf$8) refers to fputc_debug.o(.data) for __stdout
    printf8.o(i.__0snprintf$8) refers to printf8.o(i._printf_core) for _printf_core
    printf8.o(i.__0snprintf$8) refers to printf8.o(i._snputc) for _snputc
    printf8.o(i.__0sprintf$8) refers to printf8.o(i._printf_core) for _printf_core
    printf8.o(i.__0sprintf$8) refers to printf8.o(i._sputc) for _sputc
    printf8.o(i.__0vfprintf$8) refers to printf8.o(i._printf_core) for _printf_core
    printf8.o(i.__0vfprintf$8) refers to fputc_debug.o(i.fputc) for fputc
    printf8.o(i.__0vprintf$8) refers to printf8.o(i._printf_core) for _printf_core
    printf8.o(i.__0vprintf$8) refers to fputc_debug.o(i.fputc) for fputc
    printf8.o(i.__0vprintf$8) refers to fputc_debug.o(.data) for __stdout
    printf8.o(i.__0vsnprintf$8) refers to printf8.o(i._printf_core) for _printf_core
    printf8.o(i.__0vsnprintf$8) refers to printf8.o(i._snputc) for _snputc
    printf8.o(i.__0vsprintf$8) refers to printf8.o(i._printf_core) for _printf_core
    printf8.o(i.__0vsprintf$8) refers to printf8.o(i._sputc) for _sputc
    printf8.o(i._printf_core) refers to printf8.o(i._printf_pre_padding) for _printf_pre_padding
    printf8.o(i._printf_core) refers to uldiv.o(.text) for __aeabi_uldivmod
    printf8.o(i._printf_core) refers to printf8.o(i._printf_post_padding) for _printf_post_padding
    printfa.o(i.__0fprintf) refers (Special) to iusefp.o(.text) for __I$use$fp
    printfa.o(i.__0fprintf) refers to printfa.o(i._printf_core) for _printf_core
    printfa.o(i.__0fprintf) refers to fputc_debug.o(i.fputc) for fputc
    printfa.o(i.__0printf) refers (Special) to iusefp.o(.text) for __I$use$fp
    printfa.o(i.__0printf) refers to printfa.o(i._printf_core) for _printf_core
    printfa.o(i.__0printf) refers to fputc_debug.o(i.fputc) for fputc
    printfa.o(i.__0printf) refers to fputc_debug.o(.data) for __stdout
    printfa.o(i.__0snprintf) refers (Special) to iusefp.o(.text) for __I$use$fp
    printfa.o(i.__0snprintf) refers to printfa.o(i._printf_core) for _printf_core
    printfa.o(i.__0snprintf) refers to printfa.o(i._snputc) for _snputc
    printfa.o(i.__0sprintf) refers (Special) to iusefp.o(.text) for __I$use$fp
    printfa.o(i.__0sprintf) refers to printfa.o(i._printf_core) for _printf_core
    printfa.o(i.__0sprintf) refers to printfa.o(i._sputc) for _sputc
    printfa.o(i.__0vfprintf) refers (Special) to iusefp.o(.text) for __I$use$fp
    printfa.o(i.__0vfprintf) refers to printfa.o(i._printf_core) for _printf_core
    printfa.o(i.__0vfprintf) refers to fputc_debug.o(i.fputc) for fputc
    printfa.o(i.__0vprintf) refers (Special) to iusefp.o(.text) for __I$use$fp
    printfa.o(i.__0vprintf) refers to printfa.o(i._printf_core) for _printf_core
    printfa.o(i.__0vprintf) refers to fputc_debug.o(i.fputc) for fputc
    printfa.o(i.__0vprintf) refers to fputc_debug.o(.data) for __stdout
    printfa.o(i.__0vsnprintf) refers (Special) to iusefp.o(.text) for __I$use$fp
    printfa.o(i.__0vsnprintf) refers to printfa.o(i._printf_core) for _printf_core
    printfa.o(i.__0vsnprintf) refers to printfa.o(i._snputc) for _snputc
    printfa.o(i.__0vsprintf) refers (Special) to iusefp.o(.text) for __I$use$fp
    printfa.o(i.__0vsprintf) refers to printfa.o(i._printf_core) for _printf_core
    printfa.o(i.__0vsprintf) refers to printfa.o(i._sputc) for _sputc
    printfa.o(i._fp_digits) refers (Special) to iusefp.o(.text) for __I$use$fp
    printfa.o(i._fp_digits) refers to dmul.o(.text) for __aeabi_dmul
    printfa.o(i._fp_digits) refers to ddiv.o(.text) for __aeabi_ddiv
    printfa.o(i._fp_digits) refers to cdrcmple.o(.text) for __aeabi_cdrcmple
    printfa.o(i._fp_digits) refers to dadd.o(.text) for __aeabi_dadd
    printfa.o(i._fp_digits) refers to dfixul.o(.text) for __aeabi_d2ulz
    printfa.o(i._fp_digits) refers to uldiv.o(.text) for __aeabi_uldivmod
    printfa.o(i._printf_core) refers (Special) to iusefp.o(.text) for __I$use$fp
    printfa.o(i._printf_core) refers to printfa.o(i._printf_pre_padding) for _printf_pre_padding
    printfa.o(i._printf_core) refers to uldiv.o(.text) for __aeabi_uldivmod
    printfa.o(i._printf_core) refers to printfa.o(i._printf_post_padding) for _printf_post_padding
    printfa.o(i._printf_core) refers to printfa.o(i._fp_digits) for _fp_digits
    printfa.o(i._printf_core) refers to uidiv.o(.text) for __aeabi_uidivmod
    printfa.o(i._printf_post_padding) refers (Special) to iusefp.o(.text) for __I$use$fp
    printfa.o(i._printf_pre_padding) refers (Special) to iusefp.o(.text) for __I$use$fp
    printfa.o(i._snputc) refers (Special) to iusefp.o(.text) for __I$use$fp
    printfa.o(i._sputc) refers (Special) to iusefp.o(.text) for __I$use$fp
    entry2.o(.ARM.Collect$$$$00000001) refers to entry2.o(.ARM.Collect$$$$00002712) for __lit__00000000
    entry2.o(.ARM.Collect$$$$00002712) refers to startup_stm32f4xx.o(STACK) for __initial_sp
    entry2.o(__vectab_stack_and_reset_area) refers to startup_stm32f4xx.o(STACK) for __initial_sp
    entry2.o(__vectab_stack_and_reset_area) refers to entry.o(.ARM.Collect$$$$00000000) for __main
    entry5.o(.ARM.Collect$$$$00000004) refers to init.o(.text) for __scatterload
    entry9a.o(.ARM.Collect$$$$0000000B) refers to main.o(i.main) for main
    entry9b.o(.ARM.Collect$$$$0000000C) refers to main.o(i.main) for main
    uldiv.o(.text) refers to llushr.o(.text) for __aeabi_llsr
    uldiv.o(.text) refers to llshl.o(.text) for __aeabi_llsl
    dadd.o(.text) refers to llshl.o(.text) for __aeabi_llsl
    dadd.o(.text) refers to llsshr.o(.text) for __aeabi_lasr
    dadd.o(.text) refers to depilogue.o(.text) for _double_epilogue
    dmul.o(.text) refers to depilogue.o(.text) for _double_epilogue
    ddiv.o(.text) refers to depilogue.o(.text) for _double_round
    dfixul.o(.text) refers to llushr.o(.text) for __aeabi_llsr
    dfixul.o(.text) refers to llshl.o(.text) for __aeabi_llsl
    init.o(.text) refers to entry5.o(.ARM.Collect$$$$00000004) for __main_after_scatterload
    depilogue.o(.text) refers to llshl.o(.text) for __aeabi_llsl
    depilogue.o(.text) refers to llushr.o(.text) for __aeabi_llsr


==============================================================================

Removing Unused input sections from the image.

    Removing system_stm32f4xx.o(.emb_text), (8 bytes).
    Removing system_stm32f4xx.o(i.SystemCoreClockUpdate), (192 bytes).
    Removing system_stm32f4xx.o(.data), (20 bytes).
    Removing main.o(.emb_text), (8 bytes).
    Removing stm32f4xx_it.o(.emb_text), (8 bytes).
    Removing fputc_debug.o(.emb_text), (8 bytes).
    Removing fputc_debug.o(i.fputc), (68 bytes).
    Removing fputc_debug.o(i.xfputc), (36 bytes).
    Removing fputc_debug.o(.data), (8 bytes).
    Removing tm_stm32f4_gpio.o(.emb_text), (8 bytes).
    Removing tm_stm32f4_gpio.o(i.TM_GPIO_DeInit), (72 bytes).
    Removing tm_stm32f4_gpio.o(i.TM_GPIO_GetFreePins), (28 bytes).
    Removing tm_stm32f4_gpio.o(i.TM_GPIO_GetPinSource), (18 bytes).
    Removing tm_stm32f4_gpio.o(i.TM_GPIO_GetUsedPins), (24 bytes).
    Removing tm_stm32f4_gpio.o(i.TM_GPIO_INT_DisableClock), (32 bytes).
    Removing tm_stm32f4_gpio.o(i.TM_GPIO_Init), (48 bytes).
    Removing tm_stm32f4_gpio.o(i.TM_GPIO_Lock), (16 bytes).
    Removing tm_stm32f4_gpio.o(i.TM_GPIO_SetPinAsAlternate), (50 bytes).
    Removing tm_stm32f4_gpio.o(i.TM_GPIO_SetPinAsAnalog), (38 bytes).
    Removing tm_stm32f4_gpio.o(i.TM_GPIO_SetPinAsInput), (38 bytes).
    Removing tm_stm32f4_gpio.o(i.TM_GPIO_SetPinAsOutput), (46 bytes).
    Removing tm_stm32f4_gpio.o(i.TM_GPIO_SetPullResistor), (50 bytes).
    Removing tm_stm32f4_usart.o(.emb_text), (8 bytes).
    Removing tm_stm32f4_usart.o(i.TM_USART_BufferEmpty), (32 bytes).
    Removing tm_stm32f4_usart.o(i.TM_USART_BufferFull), (28 bytes).
    Removing tm_stm32f4_usart.o(i.TM_USART_ClearBuffer), (22 bytes).
    Removing tm_stm32f4_usart.o(i.TM_USART_FindCharacter), (56 bytes).
    Removing tm_stm32f4_usart.o(i.TM_USART_Gets), (94 bytes).
    Removing tm_stm32f4_usart.o(i.TM_USART_InitWithFlowControl), (120 bytes).
    Removing tm_stm32f4_usart.o(i.TM_USART_Send), (74 bytes).
    Removing tm_stm32f4_usart.o(i.TM_USART_SetCustomStringEndCharacter), (18 bytes).
    Removing stm32f4_discovery.o(.emb_text), (8 bytes).
    Removing stm32f4_discovery.o(i.STM_EVAL_LEDInit), (76 bytes).
    Removing stm32f4_discovery.o(i.STM_EVAL_LEDOff), (24 bytes).
    Removing stm32f4_discovery.o(i.STM_EVAL_LEDOn), (24 bytes).
    Removing stm32f4_discovery.o(i.STM_EVAL_LEDToggle), (36 bytes).
    Removing stm32f4_discovery.o(i.STM_EVAL_PBGetState), (32 bytes).
    Removing stm32f4_discovery.o(i.STM_EVAL_PBInit), (168 bytes).
    Removing stm32f4_discovery.o(.constdata), (37 bytes).
    Removing stm32f4_discovery.o(.data), (24 bytes).
    Removing stm32f4xx_rcc.o(.emb_text), (8 bytes).
    Removing stm32f4xx_rcc.o(i.RCC_AHB1PeriphClockCmd), (32 bytes).
    Removing stm32f4xx_rcc.o(i.RCC_AHB1PeriphClockLPModeCmd), (32 bytes).
    Removing stm32f4xx_rcc.o(i.RCC_AHB1PeriphResetCmd), (32 bytes).
    Removing stm32f4xx_rcc.o(i.RCC_AHB2PeriphClockCmd), (32 bytes).
    Removing stm32f4xx_rcc.o(i.RCC_AHB2PeriphClockLPModeCmd), (32 bytes).
    Removing stm32f4xx_rcc.o(i.RCC_AHB2PeriphResetCmd), (32 bytes).
    Removing stm32f4xx_rcc.o(i.RCC_AHB3PeriphClockCmd), (32 bytes).
    Removing stm32f4xx_rcc.o(i.RCC_AHB3PeriphClockLPModeCmd), (32 bytes).
    Removing stm32f4xx_rcc.o(i.RCC_AHB3PeriphResetCmd), (32 bytes).
    Removing stm32f4xx_rcc.o(i.RCC_APB1PeriphClockCmd), (32 bytes).
    Removing stm32f4xx_rcc.o(i.RCC_APB1PeriphClockLPModeCmd), (32 bytes).
    Removing stm32f4xx_rcc.o(i.RCC_APB2PeriphClockLPModeCmd), (32 bytes).
    Removing stm32f4xx_rcc.o(i.RCC_AdjustHSICalibrationValue), (24 bytes).
    Removing stm32f4xx_rcc.o(i.RCC_BackupResetCmd), (12 bytes).
    Removing stm32f4xx_rcc.o(i.RCC_ClearFlag), (20 bytes).
    Removing stm32f4xx_rcc.o(i.RCC_ClearITPendingBit), (12 bytes).
    Removing stm32f4xx_rcc.o(i.RCC_ClockSecuritySystemCmd), (12 bytes).
    Removing stm32f4xx_rcc.o(i.RCC_DeInit), (72 bytes).
    Removing stm32f4xx_rcc.o(i.RCC_GetFlagStatus), (64 bytes).
    Removing stm32f4xx_rcc.o(i.RCC_GetITStatus), (24 bytes).
    Removing stm32f4xx_rcc.o(i.RCC_GetSYSCLKSource), (16 bytes).
    Removing stm32f4xx_rcc.o(i.RCC_HCLKConfig), (24 bytes).
    Removing stm32f4xx_rcc.o(i.RCC_HSEConfig), (16 bytes).
    Removing stm32f4xx_rcc.o(i.RCC_HSICmd), (12 bytes).
    Removing stm32f4xx_rcc.o(i.RCC_I2SCLKConfig), (12 bytes).
    Removing stm32f4xx_rcc.o(i.RCC_ITConfig), (32 bytes).
    Removing stm32f4xx_rcc.o(i.RCC_LSEConfig), (44 bytes).
    Removing stm32f4xx_rcc.o(i.RCC_LSICmd), (12 bytes).
    Removing stm32f4xx_rcc.o(i.RCC_MCO1Config), (28 bytes).
    Removing stm32f4xx_rcc.o(i.RCC_MCO2Config), (28 bytes).
    Removing stm32f4xx_rcc.o(i.RCC_PCLK1Config), (24 bytes).
    Removing stm32f4xx_rcc.o(i.RCC_PCLK2Config), (24 bytes).
    Removing stm32f4xx_rcc.o(i.RCC_PLLCmd), (12 bytes).
    Removing stm32f4xx_rcc.o(i.RCC_PLLConfig), (36 bytes).
    Removing stm32f4xx_rcc.o(i.RCC_PLLI2SCmd), (12 bytes).
    Removing stm32f4xx_rcc.o(i.RCC_PLLI2SConfig), (16 bytes).
    Removing stm32f4xx_rcc.o(i.RCC_RTCCLKCmd), (12 bytes).
    Removing stm32f4xx_rcc.o(i.RCC_RTCCLKConfig), (60 bytes).
    Removing stm32f4xx_rcc.o(i.RCC_SYSCLKConfig), (24 bytes).
    Removing stm32f4xx_rcc.o(i.RCC_WaitForHSEStartUp), (56 bytes).
    Removing misc.o(.emb_text), (8 bytes).
    Removing misc.o(i.NVIC_PriorityGroupConfig), (20 bytes).
    Removing misc.o(i.NVIC_SetVectorTable), (20 bytes).
    Removing misc.o(i.NVIC_SystemLPConfig), (32 bytes).
    Removing misc.o(i.SysTick_CLKSourceConfig), (40 bytes).
    Removing stm32f4xx_gpio.o(.emb_text), (8 bytes).
    Removing stm32f4xx_gpio.o(i.GPIO_DeInit), (256 bytes).
    Removing stm32f4xx_gpio.o(i.GPIO_Init), (144 bytes).
    Removing stm32f4xx_gpio.o(i.GPIO_PinAFConfig), (70 bytes).
    Removing stm32f4xx_gpio.o(i.GPIO_PinLockConfig), (34 bytes).
    Removing stm32f4xx_gpio.o(i.GPIO_ReadInputData), (8 bytes).
    Removing stm32f4xx_gpio.o(i.GPIO_ReadOutputData), (8 bytes).
    Removing stm32f4xx_gpio.o(i.GPIO_ReadOutputDataBit), (18 bytes).
    Removing stm32f4xx_gpio.o(i.GPIO_ResetBits), (4 bytes).
    Removing stm32f4xx_gpio.o(i.GPIO_SetBits), (4 bytes).
    Removing stm32f4xx_gpio.o(i.GPIO_StructInit), (18 bytes).
    Removing stm32f4xx_gpio.o(i.GPIO_ToggleBits), (8 bytes).
    Removing stm32f4xx_gpio.o(i.GPIO_Write), (4 bytes).
    Removing stm32f4xx_gpio.o(i.GPIO_WriteBit), (10 bytes).
    Removing stm32f4xx_exti.o(.emb_text), (8 bytes).
    Removing stm32f4xx_exti.o(i.EXTI_ClearFlag), (12 bytes).
    Removing stm32f4xx_exti.o(i.EXTI_DeInit), (36 bytes).
    Removing stm32f4xx_exti.o(i.EXTI_GenerateSWInterrupt), (16 bytes).
    Removing stm32f4xx_exti.o(i.EXTI_GetFlagStatus), (24 bytes).
    Removing stm32f4xx_exti.o(i.EXTI_StructInit), (16 bytes).
    Removing stm32f4xx_syscfg.o(.emb_text), (8 bytes).
    Removing stm32f4xx_syscfg.o(i.SYSCFG_CompensationCellCmd), (12 bytes).
    Removing stm32f4xx_syscfg.o(i.SYSCFG_DeInit), (22 bytes).
    Removing stm32f4xx_syscfg.o(i.SYSCFG_ETH_MediaInterfaceConfig), (12 bytes).
    Removing stm32f4xx_syscfg.o(i.SYSCFG_GetCompensationCellStatus), (24 bytes).
    Removing stm32f4xx_syscfg.o(i.SYSCFG_MemoryRemapConfig), (12 bytes).
    Removing stm32f4xx_usart.o(.emb_text), (8 bytes).
    Removing stm32f4xx_usart.o(i.USART_ClearFlag), (18 bytes).
    Removing stm32f4xx_usart.o(i.USART_ClearITPendingBit), (30 bytes).
    Removing stm32f4xx_usart.o(i.USART_ClockInit), (32 bytes).
    Removing stm32f4xx_usart.o(i.USART_ClockStructInit), (12 bytes).
    Removing stm32f4xx_usart.o(i.USART_Cmd), (24 bytes).
    Removing stm32f4xx_usart.o(i.USART_DMACmd), (18 bytes).
    Removing stm32f4xx_usart.o(i.USART_GetFlagStatus), (26 bytes).
    Removing stm32f4xx_usart.o(i.USART_GetITStatus), (84 bytes).
    Removing stm32f4xx_usart.o(i.USART_HalfDuplexCmd), (24 bytes).
    Removing stm32f4xx_usart.o(i.USART_ITConfig), (74 bytes).
    Removing stm32f4xx_usart.o(i.USART_IrDACmd), (24 bytes).
    Removing stm32f4xx_usart.o(i.USART_IrDAConfig), (18 bytes).
    Removing stm32f4xx_usart.o(i.USART_LINBreakDetectLengthConfig), (18 bytes).
    Removing stm32f4xx_usart.o(i.USART_LINCmd), (24 bytes).
    Removing stm32f4xx_usart.o(i.USART_OneBitMethodCmd), (24 bytes).
    Removing stm32f4xx_usart.o(i.USART_OverSampling8Cmd), (22 bytes).
    Removing stm32f4xx_usart.o(i.USART_ReceiveData), (10 bytes).
    Removing stm32f4xx_usart.o(i.USART_ReceiverWakeUpCmd), (24 bytes).
    Removing stm32f4xx_usart.o(i.USART_SendBreak), (10 bytes).
    Removing stm32f4xx_usart.o(i.USART_SendData), (8 bytes).
    Removing stm32f4xx_usart.o(i.USART_SetAddress), (18 bytes).
    Removing stm32f4xx_usart.o(i.USART_SetGuardTime), (16 bytes).
    Removing stm32f4xx_usart.o(i.USART_SetPrescaler), (16 bytes).
    Removing stm32f4xx_usart.o(i.USART_SmartCardCmd), (24 bytes).
    Removing stm32f4xx_usart.o(i.USART_SmartCardNACKCmd), (24 bytes).
    Removing stm32f4xx_usart.o(i.USART_StructInit), (24 bytes).
    Removing stm32f4xx_usart.o(i.USART_WakeUpConfig), (18 bytes).
    Removing startup_stm32f4xx.o(HEAP), (512 bytes).
    Removing retarget_io.o(i.ITM_ReceiveChar), (36 bytes).
    Removing retarget_io.o(i.ITM_SendChar), (48 bytes).
    Removing retarget_io.o(i.__aeabi_assert), (156 bytes).
    Removing retarget_io.o(i.__backspace), (8 bytes).
    Removing retarget_io.o(i.abort), (4 bytes).
    Removing retarget_io.o(i.fgetc), (8 bytes).
    Removing retarget_io.o(i.fputc), (32 bytes).
    Removing retarget_io.o(i.stdout_putchar), (12 bytes).
    Removing retarget_io.o(.data), (4 bytes).
    Removing dadd.o(.text), (334 bytes).
    Removing dmul.o(.text), (228 bytes).
    Removing ddiv.o(.text), (222 bytes).
    Removing dfixul.o(.text), (48 bytes).
    Removing cdrcmple.o(.text), (48 bytes).
    Removing depilogue.o(.text), (186 bytes).

156 unused section(s) (total 6311 bytes) removed from the image.

==============================================================================

Image Symbol Table

    Local Symbols

    Symbol Name                              Value     Ov Type        Size  Object(Section)

    ../clib/microlib/division.c              0x00000000   Number         0  uldiv.o ABSOLUTE
    ../clib/microlib/division.c              0x00000000   Number         0  uidiv.o ABSOLUTE
    ../clib/microlib/init/entry.s            0x00000000   Number         0  entry7b.o ABSOLUTE
    ../clib/microlib/init/entry.s            0x00000000   Number         0  entry10a.o ABSOLUTE
    ../clib/microlib/init/entry.s            0x00000000   Number         0  entry7a.o ABSOLUTE
    ../clib/microlib/init/entry.s            0x00000000   Number         0  entry.o ABSOLUTE
    ../clib/microlib/init/entry.s            0x00000000   Number         0  entry9a.o ABSOLUTE
    ../clib/microlib/init/entry.s            0x00000000   Number         0  entry5.o ABSOLUTE
    ../clib/microlib/init/entry.s            0x00000000   Number         0  entry9b.o ABSOLUTE
    ../clib/microlib/init/entry.s            0x00000000   Number         0  entry8b.o ABSOLUTE
    ../clib/microlib/init/entry.s            0x00000000   Number         0  entry11b.o ABSOLUTE
    ../clib/microlib/init/entry.s            0x00000000   Number         0  entry8a.o ABSOLUTE
    ../clib/microlib/init/entry.s            0x00000000   Number         0  entry11a.o ABSOLUTE
    ../clib/microlib/init/entry.s            0x00000000   Number         0  entry10b.o ABSOLUTE
    ../clib/microlib/init/entry.s            0x00000000   Number         0  entry2.o ABSOLUTE
    ../clib/microlib/longlong.c              0x00000000   Number         0  llsshr.o ABSOLUTE
    ../clib/microlib/longlong.c              0x00000000   Number         0  llushr.o ABSOLUTE
    ../clib/microlib/longlong.c              0x00000000   Number         0  llshl.o ABSOLUTE
    ../clib/microlib/printf/printf.c         0x00000000   Number         0  printf1.o ABSOLUTE
    ../clib/microlib/printf/printf.c         0x00000000   Number         0  printfa.o ABSOLUTE
    ../clib/microlib/printf/printf.c         0x00000000   Number         0  printf8.o ABSOLUTE
    ../clib/microlib/printf/printf.c         0x00000000   Number         0  printf7.o ABSOLUTE
    ../clib/microlib/printf/printf.c         0x00000000   Number         0  printf6.o ABSOLUTE
    ../clib/microlib/printf/printf.c         0x00000000   Number         0  printf5.o ABSOLUTE
    ../clib/microlib/printf/printf.c         0x00000000   Number         0  printf4.o ABSOLUTE
    ../clib/microlib/printf/printf.c         0x00000000   Number         0  printf3.o ABSOLUTE
    ../clib/microlib/printf/printf.c         0x00000000   Number         0  printf2.o ABSOLUTE
    ../clib/microlib/printf/printf.c         0x00000000   Number         0  printf0.o ABSOLUTE
    ../clib/microlib/printf/printf.c         0x00000000   Number         0  printfb.o ABSOLUTE
    ../clib/microlib/printf/stubs.s          0x00000000   Number         0  stubs.o ABSOLUTE
    ../clib/microlib/stdio/fputs.c           0x00000000   Number         0  fputs_e.o ABSOLUTE
    ../clib/microlib/stdio/fputs.c           0x00000000   Number         0  fputs.o ABSOLUTE
    ../clib/microlib/stdio/streams.c         0x00000000   Number         0  stderr.o ABSOLUTE
    ../clib/microlib/stubs.s                 0x00000000   Number         0  iusefp.o ABSOLUTE
    ../fplib/microlib/fpadd.c                0x00000000   Number         0  dadd.o ABSOLUTE
    ../fplib/microlib/fpdiv.c                0x00000000   Number         0  ddiv.o ABSOLUTE
    ../fplib/microlib/fpepilogue.c           0x00000000   Number         0  depilogue.o ABSOLUTE
    ../fplib/microlib/fpfix.c                0x00000000   Number         0  dfixul.o ABSOLUTE
    ../fplib/microlib/fpmul.c                0x00000000   Number         0  dmul.o ABSOLUTE
    ..\\terceros\\STM32F4-Discovery_FW_V1.1.0\\Libraries\\STM32F4xx_StdPeriph_Driver\\src\\misc.c 0x00000000   Number         0  misc.o ABSOLUTE
    ..\\terceros\\STM32F4-Discovery_FW_V1.1.0\\Libraries\\STM32F4xx_StdPeriph_Driver\\src\\stm32f4xx_exti.c 0x00000000   Number         0  stm32f4xx_exti.o ABSOLUTE
    ..\\terceros\\STM32F4-Discovery_FW_V1.1.0\\Libraries\\STM32F4xx_StdPeriph_Driver\\src\\stm32f4xx_gpio.c 0x00000000   Number         0  stm32f4xx_gpio.o ABSOLUTE
    ..\\terceros\\STM32F4-Discovery_FW_V1.1.0\\Libraries\\STM32F4xx_StdPeriph_Driver\\src\\stm32f4xx_rcc.c 0x00000000   Number         0  stm32f4xx_rcc.o ABSOLUTE
    ..\\terceros\\STM32F4-Discovery_FW_V1.1.0\\Libraries\\STM32F4xx_StdPeriph_Driver\\src\\stm32f4xx_syscfg.c 0x00000000   Number         0  stm32f4xx_syscfg.o ABSOLUTE
    ..\\terceros\\STM32F4-Discovery_FW_V1.1.0\\Libraries\\STM32F4xx_StdPeriph_Driver\\src\\stm32f4xx_usart.c 0x00000000   Number         0  stm32f4xx_usart.o ABSOLUTE
    ..\\terceros\\STM32F4-Discovery_FW_V1.1.0\\Utilities\\STM32F4-Discovery\\stm32f4_discovery.c 0x00000000   Number         0  stm32f4_discovery.o ABSOLUTE
    ..\terceros\STM32F4-Discovery_FW_V1.1.0\Libraries\CMSIS\ST\STM32F4xx\Source\Templates\arm\startup_stm32f4xx.s 0x00000000   Number         0  startup_stm32f4xx.o ABSOLUTE
    ..\terceros\STM32F4-Discovery_FW_V1.1.0\Libraries\STM32F4xx_StdPeriph_Driver\src\misc.c 0x00000000   Number         0  misc.o ABSOLUTE
    ..\terceros\STM32F4-Discovery_FW_V1.1.0\Libraries\STM32F4xx_StdPeriph_Driver\src\stm32f4xx_exti.c 0x00000000   Number         0  stm32f4xx_exti.o ABSOLUTE
    ..\terceros\STM32F4-Discovery_FW_V1.1.0\Libraries\STM32F4xx_StdPeriph_Driver\src\stm32f4xx_gpio.c 0x00000000   Number         0  stm32f4xx_gpio.o ABSOLUTE
    ..\terceros\STM32F4-Discovery_FW_V1.1.0\Libraries\STM32F4xx_StdPeriph_Driver\src\stm32f4xx_rcc.c 0x00000000   Number         0  stm32f4xx_rcc.o ABSOLUTE
    ..\terceros\STM32F4-Discovery_FW_V1.1.0\Libraries\STM32F4xx_StdPeriph_Driver\src\stm32f4xx_syscfg.c 0x00000000   Number         0  stm32f4xx_syscfg.o ABSOLUTE
    ..\terceros\STM32F4-Discovery_FW_V1.1.0\Libraries\STM32F4xx_StdPeriph_Driver\src\stm32f4xx_usart.c 0x00000000   Number         0  stm32f4xx_usart.o ABSOLUTE
    ..\terceros\STM32F4-Discovery_FW_V1.1.0\Utilities\STM32F4-Discovery\stm32f4_discovery.c 0x00000000   Number         0  stm32f4_discovery.o ABSOLUTE
    C:\Users\bouyo\AppData\Local\Arm\Packs\Keil\ARM_Compiler\1.6.2\Source\retarget_io.c 0x00000000   Number         0  retarget_io.o ABSOLUTE
    cdrcmple.s                               0x00000000   Number         0  cdrcmple.o ABSOLUTE
    dc.s                                     0x00000000   Number         0  dc.o ABSOLUTE
    fputc_debug.c                            0x00000000   Number         0  fputc_debug.o ABSOLUTE
    fputc_debug.c                            0x00000000   Number         0  fputc_debug.o ABSOLUTE
    handlers.s                               0x00000000   Number         0  handlers.o ABSOLUTE
    init.s                                   0x00000000   Number         0  init.o ABSOLUTE
    main.c                                   0x00000000   Number         0  main.o ABSOLUTE
    main.c                                   0x00000000   Number         0  main.o ABSOLUTE
    stm32f4xx_it.c                           0x00000000   Number         0  stm32f4xx_it.o ABSOLUTE
    stm32f4xx_it.c                           0x00000000   Number         0  stm32f4xx_it.o ABSOLUTE
    system_stm32f4xx.c                       0x00000000   Number         0  system_stm32f4xx.o ABSOLUTE
    system_stm32f4xx.c                       0x00000000   Number         0  system_stm32f4xx.o ABSOLUTE
    tm_stm32f4_gpio\\tm_stm32f4_gpio.c       0x00000000   Number         0  tm_stm32f4_gpio.o ABSOLUTE
    tm_stm32f4_gpio\tm_stm32f4_gpio.c        0x00000000   Number         0  tm_stm32f4_gpio.o ABSOLUTE
    tm_stm32f4_usart\\tm_stm32f4_usart.c     0x00000000   Number         0  tm_stm32f4_usart.o ABSOLUTE
    tm_stm32f4_usart\tm_stm32f4_usart.c      0x00000000   Number         0  tm_stm32f4_usart.o ABSOLUTE
    RESET                                    0x08000000   Section      392  startup_stm32f4xx.o(RESET)
    .ARM.Collect$$$$00000000                 0x08000188   Section        0  entry.o(.ARM.Collect$$$$00000000)
    .ARM.Collect$$$$00000001                 0x08000188   Section        4  entry2.o(.ARM.Collect$$$$00000001)
    .ARM.Collect$$$$00000004                 0x0800018c   Section        4  entry5.o(.ARM.Collect$$$$00000004)
    .ARM.Collect$$$$00000008                 0x08000190   Section        0  entry7b.o(.ARM.Collect$$$$00000008)
    .ARM.Collect$$$$0000000A                 0x08000190   Section        0  entry8b.o(.ARM.Collect$$$$0000000A)
    .ARM.Collect$$$$0000000B                 0x08000190   Section        8  entry9a.o(.ARM.Collect$$$$0000000B)
    .ARM.Collect$$$$0000000D                 0x08000198   Section        0  entry10a.o(.ARM.Collect$$$$0000000D)
    .ARM.Collect$$$$0000000F                 0x08000198   Section        0  entry11a.o(.ARM.Collect$$$$0000000F)
    .ARM.Collect$$$$00002712                 0x08000198   Section        4  entry2.o(.ARM.Collect$$$$00002712)
    __lit__00000000                          0x08000198   Data           4  entry2.o(.ARM.Collect$$$$00002712)
    .text                                    0x0800019c   Section       36  startup_stm32f4xx.o(.text)
    $v0                                      0x0800019c   Number         0  startup_stm32f4xx.o(.text)
    .text                                    0x080001c0   Section        0  uidiv.o(.text)
    .text                                    0x080001ec   Section       36  init.o(.text)
    i.BusFault_Handler                       0x08000210   Section        0  stm32f4xx_it.o(i.BusFault_Handler)
    i.DebugMon_Handler                       0x08000214   Section        0  stm32f4xx_it.o(i.DebugMon_Handler)
    i.Delay_ms                               0x08000218   Section        0  main.o(i.Delay_ms)
    i.EXTI0_IRQHandler                       0x08000230   Section        0  stm32f4xx_it.o(i.EXTI0_IRQHandler)
    i.EXTI_ClearITPendingBit                 0x0800026c   Section        0  stm32f4xx_exti.o(i.EXTI_ClearITPendingBit)
    i.EXTI_GetITStatus                       0x08000278   Section        0  stm32f4xx_exti.o(i.EXTI_GetITStatus)
    i.EXTI_Init                              0x080002a0   Section        0  stm32f4xx_exti.o(i.EXTI_Init)
    i.EXT_INT_Config_PA0                     0x08000334   Section        0  main.o(i.EXT_INT_Config_PA0)
    i.GPIO_ReadInputDataBit                  0x0800037e   Section        0  stm32f4xx_gpio.o(i.GPIO_ReadInputDataBit)
    i.HardFault_Handler                      0x08000390   Section        0  stm32f4xx_it.o(i.HardFault_Handler)
    i.MemManage_Handler                      0x08000394   Section        0  stm32f4xx_it.o(i.MemManage_Handler)
    i.NMI_Handler                            0x08000398   Section        0  stm32f4xx_it.o(i.NMI_Handler)
    i.NVIC_Init                              0x0800039c   Section        0  misc.o(i.NVIC_Init)
    i.PendSV_Handler                         0x08000414   Section        0  stm32f4xx_it.o(i.PendSV_Handler)
    i.RCC_APB1PeriphResetCmd                 0x08000418   Section        0  stm32f4xx_rcc.o(i.RCC_APB1PeriphResetCmd)
    i.RCC_APB2PeriphClockCmd                 0x08000438   Section        0  stm32f4xx_rcc.o(i.RCC_APB2PeriphClockCmd)
    i.RCC_APB2PeriphResetCmd                 0x08000458   Section        0  stm32f4xx_rcc.o(i.RCC_APB2PeriphResetCmd)
    i.RCC_GetClocksFreq                      0x08000478   Section        0  stm32f4xx_rcc.o(i.RCC_GetClocksFreq)
    i.SVC_Handler                            0x08000560   Section        0  stm32f4xx_it.o(i.SVC_Handler)
    i.SYSCFG_EXTILineConfig                  0x08000564   Section        0  stm32f4xx_syscfg.o(i.SYSCFG_EXTILineConfig)
    i.SetSysClock                            0x080005a4   Section        0  system_stm32f4xx.o(i.SetSysClock)
    SetSysClock                              0x080005a5   Thumb Code   220  system_stm32f4xx.o(i.SetSysClock)
    i.SysTick_Handler                        0x08000690   Section        0  stm32f4xx_it.o(i.SysTick_Handler)
    i.SystemInit                             0x080006a0   Section        0  system_stm32f4xx.o(i.SystemInit)
    i.TM_GPIO_GetPortSource                  0x0800070c   Section        0  tm_stm32f4_gpio.o(i.TM_GPIO_GetPortSource)
    i.TM_GPIO_INT_EnableClock                0x0800071c   Section        0  tm_stm32f4_gpio.o(i.TM_GPIO_INT_EnableClock)
    i.TM_GPIO_INT_Init                       0x0800073c   Section        0  tm_stm32f4_gpio.o(i.TM_GPIO_INT_Init)
    i.TM_GPIO_InitAlternate                  0x080007ec   Section        0  tm_stm32f4_gpio.o(i.TM_GPIO_InitAlternate)
    i.TM_USART1_InitPins                     0x0800085c   Section        0  tm_stm32f4_usart.o(i.TM_USART1_InitPins)
    i.TM_USART2_InitPins                     0x080008a8   Section        0  tm_stm32f4_usart.o(i.TM_USART2_InitPins)
    i.TM_USART6_InitPins                     0x080008f4   Section        0  tm_stm32f4_usart.o(i.TM_USART6_InitPins)
    i.TM_USART_Getc                          0x08000944   Section        0  tm_stm32f4_usart.o(i.TM_USART_Getc)
    i.TM_USART_INT_GetSubPriority            0x08000988   Section        0  tm_stm32f4_usart.o(i.TM_USART_INT_GetSubPriority)
    i.TM_USART_INT_GetUsart                  0x080009b0   Section        0  tm_stm32f4_usart.o(i.TM_USART_INT_GetUsart)
    i.TM_USART_INT_Init                      0x080009e4   Section        0  tm_stm32f4_usart.o(i.TM_USART_INT_Init)
    TM_USART_INT_Init                        0x080009e5   Thumb Code   260  tm_stm32f4_usart.o(i.TM_USART_INT_Init)
    i.TM_USART_INT_InsertToBuffer            0x08000af8   Section        0  tm_stm32f4_usart.o(i.TM_USART_INT_InsertToBuffer)
    i.TM_USART_Init                          0x08000b20   Section        0  tm_stm32f4_usart.o(i.TM_USART_Init)
    i.TM_USART_InitCustomPinsCallback        0x08000b90   Section        0  tm_stm32f4_usart.o(i.TM_USART_InitCustomPinsCallback)
    i.TM_USART_Puts                          0x08000b92   Section        0  tm_stm32f4_usart.o(i.TM_USART_Puts)
    i.USART1_IRQHandler                      0x08000bd8   Section        0  tm_stm32f4_usart.o(i.USART1_IRQHandler)
    i.USART2_IRQHandler                      0x08000bfc   Section        0  tm_stm32f4_usart.o(i.USART2_IRQHandler)
    i.USART6_IRQHandler                      0x08000c20   Section        0  tm_stm32f4_usart.o(i.USART6_IRQHandler)
    i.USART_DeInit                           0x08000c44   Section        0  stm32f4xx_usart.o(i.USART_DeInit)
    i.USART_Init                             0x08000cf8   Section        0  stm32f4xx_usart.o(i.USART_Init)
    i.UsageFault_Handler                     0x08000dcc   Section        0  stm32f4xx_it.o(i.UsageFault_Handler)
    i.__0sprintf$1                           0x08000dd0   Section        0  printf1.o(i.__0sprintf$1)
    i.__scatterload_copy                     0x08000df8   Section       14  handlers.o(i.__scatterload_copy)
    i.__scatterload_null                     0x08000e06   Section        2  handlers.o(i.__scatterload_null)
    i.__scatterload_zeroinit                 0x08000e08   Section       14  handlers.o(i.__scatterload_zeroinit)
    i._printf_core                           0x08000e18   Section        0  printf1.o(i._printf_core)
    _printf_core                             0x08000e19   Thumb Code   336  printf1.o(i._printf_core)
    i._sputc                                 0x08000f6c   Section        0  printf1.o(i._sputc)
    _sputc                                   0x08000f6d   Thumb Code    10  printf1.o(i._sputc)
    i.main                                   0x08000f78   Section        0  main.o(i.main)
    .data                                    0x20000000   Section        4  main.o(.data)
    .data                                    0x20000004   Section        4  stm32f4xx_it.o(.data)
    .data                                    0x20000008   Section       48  tm_stm32f4_usart.o(.data)
    .data                                    0x20000038   Section       16  stm32f4xx_rcc.o(.data)
    APBAHBPrescTable                         0x20000038   Data          16  stm32f4xx_rcc.o(.data)
    .bss                                     0x20000048   Section       22  tm_stm32f4_gpio.o(.bss)
    GPIO_UsedPins                            0x20000048   Data          22  tm_stm32f4_gpio.o(.bss)
    .bss                                     0x2000005e   Section       96  tm_stm32f4_usart.o(.bss)
    STACK                                    0x200000c0   Section     1024  startup_stm32f4xx.o(STACK)

    Global Symbols

    Symbol Name                              Value     Ov Type        Size  Object(Section)

    BuildAttributes$$THM_ISAv4$E$P$D$K$B$S$7EM$VFPi3$EXTD16$VFPS$VFMA$PE$A:L22UL41UL21$X:L11$S22US41US21$IEEE1$IW$USESV6$~STKCKD$USESV7$~SHL$OSPACE$ROPI$EBA8$MICROLIB$REQ8$PRES8$EABIv2 0x00000000   Number         0  anon$$obj.o ABSOLUTE
    __ARM_use_no_argv                        0x00000000   Number         0  main.o ABSOLUTE
    _printf_a                                0x00000000   Number         0  stubs.o ABSOLUTE
    _printf_c                                0x00000000   Number         0  stubs.o ABSOLUTE
    _printf_charcount                        0x00000000   Number         0  stubs.o ABSOLUTE
    _printf_d                                0x00000000   Number         0  stubs.o ABSOLUTE
    _printf_e                                0x00000000   Number         0  stubs.o ABSOLUTE
    _printf_f                                0x00000000   Number         0  stubs.o ABSOLUTE
    _printf_flags                            0x00000000   Number         0  stubs.o ABSOLUTE
    _printf_fp_dec                           0x00000000   Number         0  stubs.o ABSOLUTE
    _printf_fp_hex                           0x00000000   Number         0  stubs.o ABSOLUTE
    _printf_g                                0x00000000   Number         0  stubs.o ABSOLUTE
    _printf_i                                0x00000000   Number         0  stubs.o ABSOLUTE
    _printf_int_dec                          0x00000000   Number         0  stubs.o ABSOLUTE
    _printf_l                                0x00000000   Number         0  stubs.o ABSOLUTE
    _printf_lc                               0x00000000   Number         0  stubs.o ABSOLUTE
    _printf_ll                               0x00000000   Number         0  stubs.o ABSOLUTE
    _printf_lld                              0x00000000   Number         0  stubs.o ABSOLUTE
    _printf_lli                              0x00000000   Number         0  stubs.o ABSOLUTE
    _printf_llo                              0x00000000   Number         0  stubs.o ABSOLUTE
    _printf_llu                              0x00000000   Number         0  stubs.o ABSOLUTE
    _printf_llx                              0x00000000   Number         0  stubs.o ABSOLUTE
    _printf_longlong_dec                     0x00000000   Number         0  stubs.o ABSOLUTE
    _printf_longlong_hex                     0x00000000   Number         0  stubs.o ABSOLUTE
    _printf_longlong_oct                     0x00000000   Number         0  stubs.o ABSOLUTE
    _printf_ls                               0x00000000   Number         0  stubs.o ABSOLUTE
    _printf_mbtowc                           0x00000000   Number         0  stubs.o ABSOLUTE
    _printf_n                                0x00000000   Number         0  stubs.o ABSOLUTE
    _printf_o                                0x00000000   Number         0  stubs.o ABSOLUTE
    _printf_p                                0x00000000   Number         0  stubs.o ABSOLUTE
    _printf_percent                          0x00000000   Number         0  stubs.o ABSOLUTE
    _printf_pre_padding                      0x00000000   Number         0  stubs.o ABSOLUTE
    _printf_return_value                     0x00000000   Number         0  stubs.o ABSOLUTE
    _printf_s                                0x00000000   Number         0  stubs.o ABSOLUTE
    _printf_sizespec                         0x00000000   Number         0  stubs.o ABSOLUTE
    _printf_str                              0x00000000   Number         0  stubs.o ABSOLUTE
    _printf_truncate_signed                  0x00000000   Number         0  stubs.o ABSOLUTE
    _printf_truncate_unsigned                0x00000000   Number         0  stubs.o ABSOLUTE
    _printf_u                                0x00000000   Number         0  stubs.o ABSOLUTE
    _printf_wc                               0x00000000   Number         0  stubs.o ABSOLUTE
    _printf_wctomb                           0x00000000   Number         0  stubs.o ABSOLUTE
    _printf_widthprec                        0x00000000   Number         0  stubs.o ABSOLUTE
    _printf_x                                0x00000000   Number         0  stubs.o ABSOLUTE
    __cpp_initialize__aeabi_                  - Undefined Weak Reference
    __cxa_finalize                            - Undefined Weak Reference
    __decompress                              - Undefined Weak Reference
    _clock_init                               - Undefined Weak Reference
    _microlib_exit                            - Undefined Weak Reference
    __Vectors_Size                           0x00000188   Number         0  startup_stm32f4xx.o ABSOLUTE
    __Vectors                                0x08000000   Data           4  startup_stm32f4xx.o(RESET)
    __Vectors_End                            0x08000188   Data           0  startup_stm32f4xx.o(RESET)
    __main                                   0x08000189   Thumb Code     0  entry.o(.ARM.Collect$$$$00000000)
    _main_stk                                0x08000189   Thumb Code     0  entry2.o(.ARM.Collect$$$$00000001)
    _main_scatterload                        0x0800018d   Thumb Code     0  entry5.o(.ARM.Collect$$$$00000004)
    __main_after_scatterload                 0x08000191   Thumb Code     0  entry5.o(.ARM.Collect$$$$00000004)
    _main_clock                              0x08000191   Thumb Code     0  entry7b.o(.ARM.Collect$$$$00000008)
    _main_cpp_init                           0x08000191   Thumb Code     0  entry8b.o(.ARM.Collect$$$$0000000A)
    _main_init                               0x08000191   Thumb Code     0  entry9a.o(.ARM.Collect$$$$0000000B)
    __rt_final_cpp                           0x08000199   Thumb Code     0  entry10a.o(.ARM.Collect$$$$0000000D)
    __rt_final_exit                          0x08000199   Thumb Code     0  entry11a.o(.ARM.Collect$$$$0000000F)
    Reset_Handler                            0x0800019d   Thumb Code     8  startup_stm32f4xx.o(.text)
    ADC_IRQHandler                           0x080001b7   Thumb Code     0  startup_stm32f4xx.o(.text)
    CAN1_RX0_IRQHandler                      0x080001b7   Thumb Code     0  startup_stm32f4xx.o(.text)
    CAN1_RX1_IRQHandler                      0x080001b7   Thumb Code     0  startup_stm32f4xx.o(.text)
    CAN1_SCE_IRQHandler                      0x080001b7   Thumb Code     0  startup_stm32f4xx.o(.text)
    CAN1_TX_IRQHandler                       0x080001b7   Thumb Code     0  startup_stm32f4xx.o(.text)
    CAN2_RX0_IRQHandler                      0x080001b7   Thumb Code     0  startup_stm32f4xx.o(.text)
    CAN2_RX1_IRQHandler                      0x080001b7   Thumb Code     0  startup_stm32f4xx.o(.text)
    CAN2_SCE_IRQHandler                      0x080001b7   Thumb Code     0  startup_stm32f4xx.o(.text)
    CAN2_TX_IRQHandler                       0x080001b7   Thumb Code     0  startup_stm32f4xx.o(.text)
    CRYP_IRQHandler                          0x080001b7   Thumb Code     0  startup_stm32f4xx.o(.text)
    DCMI_IRQHandler                          0x080001b7   Thumb Code     0  startup_stm32f4xx.o(.text)
    DMA1_Stream0_IRQHandler                  0x080001b7   Thumb Code     0  startup_stm32f4xx.o(.text)
    DMA1_Stream1_IRQHandler                  0x080001b7   Thumb Code     0  startup_stm32f4xx.o(.text)
    DMA1_Stream2_IRQHandler                  0x080001b7   Thumb Code     0  startup_stm32f4xx.o(.text)
    DMA1_Stream3_IRQHandler                  0x080001b7   Thumb Code     0  startup_stm32f4xx.o(.text)
    DMA1_Stream4_IRQHandler                  0x080001b7   Thumb Code     0  startup_stm32f4xx.o(.text)
    DMA1_Stream5_IRQHandler                  0x080001b7   Thumb Code     0  startup_stm32f4xx.o(.text)
    DMA1_Stream6_IRQHandler                  0x080001b7   Thumb Code     0  startup_stm32f4xx.o(.text)
    DMA1_Stream7_IRQHandler                  0x080001b7   Thumb Code     0  startup_stm32f4xx.o(.text)
    DMA2_Stream0_IRQHandler                  0x080001b7   Thumb Code     0  startup_stm32f4xx.o(.text)
    DMA2_Stream1_IRQHandler                  0x080001b7   Thumb Code     0  startup_stm32f4xx.o(.text)
    DMA2_Stream2_IRQHandler                  0x080001b7   Thumb Code     0  startup_stm32f4xx.o(.text)
    DMA2_Stream3_IRQHandler                  0x080001b7   Thumb Code     0  startup_stm32f4xx.o(.text)
    DMA2_Stream4_IRQHandler                  0x080001b7   Thumb Code     0  startup_stm32f4xx.o(.text)
    DMA2_Stream5_IRQHandler                  0x080001b7   Thumb Code     0  startup_stm32f4xx.o(.text)
    DMA2_Stream6_IRQHandler                  0x080001b7   Thumb Code     0  startup_stm32f4xx.o(.text)
    DMA2_Stream7_IRQHandler                  0x080001b7   Thumb Code     0  startup_stm32f4xx.o(.text)
    ETH_IRQHandler                           0x080001b7   Thumb Code     0  startup_stm32f4xx.o(.text)
    ETH_WKUP_IRQHandler                      0x080001b7   Thumb Code     0  startup_stm32f4xx.o(.text)
    EXTI15_10_IRQHandler                     0x080001b7   Thumb Code     0  startup_stm32f4xx.o(.text)
    EXTI1_IRQHandler                         0x080001b7   Thumb Code     0  startup_stm32f4xx.o(.text)
    EXTI2_IRQHandler                         0x080001b7   Thumb Code     0  startup_stm32f4xx.o(.text)
    EXTI3_IRQHandler                         0x080001b7   Thumb Code     0  startup_stm32f4xx.o(.text)
    EXTI4_IRQHandler                         0x080001b7   Thumb Code     0  startup_stm32f4xx.o(.text)
    EXTI9_5_IRQHandler                       0x080001b7   Thumb Code     0  startup_stm32f4xx.o(.text)
    FLASH_IRQHandler                         0x080001b7   Thumb Code     0  startup_stm32f4xx.o(.text)
    FPU_IRQHandler                           0x080001b7   Thumb Code     0  startup_stm32f4xx.o(.text)
    FSMC_IRQHandler                          0x080001b7   Thumb Code     0  startup_stm32f4xx.o(.text)
    HASH_RNG_IRQHandler                      0x080001b7   Thumb Code     0  startup_stm32f4xx.o(.text)
    I2C1_ER_IRQHandler                       0x080001b7   Thumb Code     0  startup_stm32f4xx.o(.text)
    I2C1_EV_IRQHandler                       0x080001b7   Thumb Code     0  startup_stm32f4xx.o(.text)
    I2C2_ER_IRQHandler                       0x080001b7   Thumb Code     0  startup_stm32f4xx.o(.text)
    I2C2_EV_IRQHandler                       0x080001b7   Thumb Code     0  startup_stm32f4xx.o(.text)
    I2C3_ER_IRQHandler                       0x080001b7   Thumb Code     0  startup_stm32f4xx.o(.text)
    I2C3_EV_IRQHandler                       0x080001b7   Thumb Code     0  startup_stm32f4xx.o(.text)
    OTG_FS_IRQHandler                        0x080001b7   Thumb Code     0  startup_stm32f4xx.o(.text)
    OTG_FS_WKUP_IRQHandler                   0x080001b7   Thumb Code     0  startup_stm32f4xx.o(.text)
    OTG_HS_EP1_IN_IRQHandler                 0x080001b7   Thumb Code     0  startup_stm32f4xx.o(.text)
    OTG_HS_EP1_OUT_IRQHandler                0x080001b7   Thumb Code     0  startup_stm32f4xx.o(.text)
    OTG_HS_IRQHandler                        0x080001b7   Thumb Code     0  startup_stm32f4xx.o(.text)
    OTG_HS_WKUP_IRQHandler                   0x080001b7   Thumb Code     0  startup_stm32f4xx.o(.text)
    PVD_IRQHandler                           0x080001b7   Thumb Code     0  startup_stm32f4xx.o(.text)
    RCC_IRQHandler                           0x080001b7   Thumb Code     0  startup_stm32f4xx.o(.text)
    RTC_Alarm_IRQHandler                     0x080001b7   Thumb Code     0  startup_stm32f4xx.o(.text)
    RTC_WKUP_IRQHandler                      0x080001b7   Thumb Code     0  startup_stm32f4xx.o(.text)
    SDIO_IRQHandler                          0x080001b7   Thumb Code     0  startup_stm32f4xx.o(.text)
    SPI1_IRQHandler                          0x080001b7   Thumb Code     0  startup_stm32f4xx.o(.text)
    SPI2_IRQHandler                          0x080001b7   Thumb Code     0  startup_stm32f4xx.o(.text)
    SPI3_IRQHandler                          0x080001b7   Thumb Code     0  startup_stm32f4xx.o(.text)
    TAMP_STAMP_IRQHandler                    0x080001b7   Thumb Code     0  startup_stm32f4xx.o(.text)
    TIM1_BRK_TIM9_IRQHandler                 0x080001b7   Thumb Code     0  startup_stm32f4xx.o(.text)
    TIM1_CC_IRQHandler                       0x080001b7   Thumb Code     0  startup_stm32f4xx.o(.text)
    TIM1_TRG_COM_TIM11_IRQHandler            0x080001b7   Thumb Code     0  startup_stm32f4xx.o(.text)
    TIM1_UP_TIM10_IRQHandler                 0x080001b7   Thumb Code     0  startup_stm32f4xx.o(.text)
    TIM2_IRQHandler                          0x080001b7   Thumb Code     0  startup_stm32f4xx.o(.text)
    TIM3_IRQHandler                          0x080001b7   Thumb Code     0  startup_stm32f4xx.o(.text)
    TIM4_IRQHandler                          0x080001b7   Thumb Code     0  startup_stm32f4xx.o(.text)
    TIM5_IRQHandler                          0x080001b7   Thumb Code     0  startup_stm32f4xx.o(.text)
    TIM6_DAC_IRQHandler                      0x080001b7   Thumb Code     0  startup_stm32f4xx.o(.text)
    TIM7_IRQHandler                          0x080001b7   Thumb Code     0  startup_stm32f4xx.o(.text)
    TIM8_BRK_TIM12_IRQHandler                0x080001b7   Thumb Code     0  startup_stm32f4xx.o(.text)
    TIM8_CC_IRQHandler                       0x080001b7   Thumb Code     0  startup_stm32f4xx.o(.text)
    TIM8_TRG_COM_TIM14_IRQHandler            0x080001b7   Thumb Code     0  startup_stm32f4xx.o(.text)
    TIM8_UP_TIM13_IRQHandler                 0x080001b7   Thumb Code     0  startup_stm32f4xx.o(.text)
    UART4_IRQHandler                         0x080001b7   Thumb Code     0  startup_stm32f4xx.o(.text)
    UART5_IRQHandler                         0x080001b7   Thumb Code     0  startup_stm32f4xx.o(.text)
    USART3_IRQHandler                        0x080001b7   Thumb Code     0  startup_stm32f4xx.o(.text)
    WWDG_IRQHandler                          0x080001b7   Thumb Code     0  startup_stm32f4xx.o(.text)
    __aeabi_uidiv                            0x080001c1   Thumb Code     0  uidiv.o(.text)
    __aeabi_uidivmod                         0x080001c1   Thumb Code    44  uidiv.o(.text)
    __scatterload                            0x080001ed   Thumb Code    28  init.o(.text)
    __scatterload_rt2                        0x080001ed   Thumb Code     0  init.o(.text)
    BusFault_Handler                         0x08000211   Thumb Code     4  stm32f4xx_it.o(i.BusFault_Handler)
    DebugMon_Handler                         0x08000215   Thumb Code     2  stm32f4xx_it.o(i.DebugMon_Handler)
    Delay_ms                                 0x08000219   Thumb Code    18  main.o(i.Delay_ms)
    EXTI0_IRQHandler                         0x08000231   Thumb Code    50  stm32f4xx_it.o(i.EXTI0_IRQHandler)
    EXTI_ClearITPendingBit                   0x0800026d   Thumb Code     6  stm32f4xx_exti.o(i.EXTI_ClearITPendingBit)
    EXTI_GetITStatus                         0x08000279   Thumb Code    34  stm32f4xx_exti.o(i.EXTI_GetITStatus)
    EXTI_Init                                0x080002a1   Thumb Code   142  stm32f4xx_exti.o(i.EXTI_Init)
    EXT_INT_Config_PA0                       0x08000335   Thumb Code    74  main.o(i.EXT_INT_Config_PA0)
    GPIO_ReadInputDataBit                    0x0800037f   Thumb Code    18  stm32f4xx_gpio.o(i.GPIO_ReadInputDataBit)
    HardFault_Handler                        0x08000391   Thumb Code     4  stm32f4xx_it.o(i.HardFault_Handler)
    MemManage_Handler                        0x08000395   Thumb Code     4  stm32f4xx_it.o(i.MemManage_Handler)
    NMI_Handler                              0x08000399   Thumb Code     2  stm32f4xx_it.o(i.NMI_Handler)
    NVIC_Init                                0x0800039d   Thumb Code   106  misc.o(i.NVIC_Init)
    PendSV_Handler                           0x08000415   Thumb Code     2  stm32f4xx_it.o(i.PendSV_Handler)
    RCC_APB1PeriphResetCmd                   0x08000419   Thumb Code    26  stm32f4xx_rcc.o(i.RCC_APB1PeriphResetCmd)
    RCC_APB2PeriphClockCmd                   0x08000439   Thumb Code    26  stm32f4xx_rcc.o(i.RCC_APB2PeriphClockCmd)
    RCC_APB2PeriphResetCmd                   0x08000459   Thumb Code    26  stm32f4xx_rcc.o(i.RCC_APB2PeriphResetCmd)
    RCC_GetClocksFreq                        0x08000479   Thumb Code   214  stm32f4xx_rcc.o(i.RCC_GetClocksFreq)
    SVC_Handler                              0x08000561   Thumb Code     2  stm32f4xx_it.o(i.SVC_Handler)
    SYSCFG_EXTILineConfig                    0x08000565   Thumb Code    60  stm32f4xx_syscfg.o(i.SYSCFG_EXTILineConfig)
    SysTick_Handler                          0x08000691   Thumb Code    12  stm32f4xx_it.o(i.SysTick_Handler)
    SystemInit                               0x080006a1   Thumb Code    90  system_stm32f4xx.o(i.SystemInit)
    TM_GPIO_GetPortSource                    0x0800070d   Thumb Code    14  tm_stm32f4_gpio.o(i.TM_GPIO_GetPortSource)
    TM_GPIO_INT_EnableClock                  0x0800071d   Thumb Code    28  tm_stm32f4_gpio.o(i.TM_GPIO_INT_EnableClock)
    TM_GPIO_INT_Init                         0x0800073d   Thumb Code   170  tm_stm32f4_gpio.o(i.TM_GPIO_INT_Init)
    TM_GPIO_InitAlternate                    0x080007ed   Thumb Code   110  tm_stm32f4_gpio.o(i.TM_GPIO_InitAlternate)
    TM_USART1_InitPins                       0x0800085d   Thumb Code    64  tm_stm32f4_usart.o(i.TM_USART1_InitPins)
    TM_USART2_InitPins                       0x080008a9   Thumb Code    64  tm_stm32f4_usart.o(i.TM_USART2_InitPins)
    TM_USART6_InitPins                       0x080008f5   Thumb Code    66  tm_stm32f4_usart.o(i.TM_USART6_InitPins)
    TM_USART_Getc                            0x08000945   Thumb Code    68  tm_stm32f4_usart.o(i.TM_USART_Getc)
    TM_USART_INT_GetSubPriority              0x08000989   Thumb Code    28  tm_stm32f4_usart.o(i.TM_USART_INT_GetSubPriority)
    TM_USART_INT_GetUsart                    0x080009b1   Thumb Code    28  tm_stm32f4_usart.o(i.TM_USART_INT_GetUsart)
    TM_USART_INT_InsertToBuffer              0x08000af9   Thumb Code    40  tm_stm32f4_usart.o(i.TM_USART_INT_InsertToBuffer)
    TM_USART_Init                            0x08000b21   Thumb Code   100  tm_stm32f4_usart.o(i.TM_USART_Init)
    TM_USART_InitCustomPinsCallback          0x08000b91   Thumb Code     2  tm_stm32f4_usart.o(i.TM_USART_InitCustomPinsCallback)
    TM_USART_Puts                            0x08000b93   Thumb Code    70  tm_stm32f4_usart.o(i.TM_USART_Puts)
    USART1_IRQHandler                        0x08000bd9   Thumb Code    26  tm_stm32f4_usart.o(i.USART1_IRQHandler)
    USART2_IRQHandler                        0x08000bfd   Thumb Code    28  tm_stm32f4_usart.o(i.USART2_IRQHandler)
    USART6_IRQHandler                        0x08000c21   Thumb Code    28  tm_stm32f4_usart.o(i.USART6_IRQHandler)
    USART_DeInit                             0x08000c45   Thumb Code   156  stm32f4xx_usart.o(i.USART_DeInit)
    USART_Init                               0x08000cf9   Thumb Code   204  stm32f4xx_usart.o(i.USART_Init)
    UsageFault_Handler                       0x08000dcd   Thumb Code     4  stm32f4xx_it.o(i.UsageFault_Handler)
    __0sprintf$1                             0x08000dd1   Thumb Code    34  printf1.o(i.__0sprintf$1)
    __1sprintf$1                             0x08000dd1   Thumb Code     0  printf1.o(i.__0sprintf$1)
    __2sprintf                               0x08000dd1   Thumb Code     0  printf1.o(i.__0sprintf$1)
    __scatterload_copy                       0x08000df9   Thumb Code    14  handlers.o(i.__scatterload_copy)
    __scatterload_null                       0x08000e07   Thumb Code     2  handlers.o(i.__scatterload_null)
    __scatterload_zeroinit                   0x08000e09   Thumb Code    14  handlers.o(i.__scatterload_zeroinit)
    main                                     0x08000f79   Thumb Code   186  main.o(i.main)
    Region$$Table$$Base                      0x0800106c   Number         0  anon$$obj.o(Region$$Table)
    Region$$Table$$Limit                     0x0800108c   Number         0  anon$$obj.o(Region$$Table)
    ContadorPinA0                            0x20000000   Data           4  main.o(.data)
    timeTicks                                0x20000004   Data           4  stm32f4xx_it.o(.data)
    TM_USART1                                0x20000008   Data          16  tm_stm32f4_usart.o(.data)
    TM_USART2                                0x20000018   Data          16  tm_stm32f4_usart.o(.data)
    TM_USART6                                0x20000028   Data          16  tm_stm32f4_usart.o(.data)
    TM_USART1_Buffer                         0x2000005e   Data          32  tm_stm32f4_usart.o(.bss)
    TM_USART2_Buffer                         0x2000007e   Data          32  tm_stm32f4_usart.o(.bss)
    TM_USART6_Buffer                         0x2000009e   Data          32  tm_stm32f4_usart.o(.bss)
    __initial_sp                             0x200004c0   Data           0  startup_stm32f4xx.o(STACK)



==============================================================================

Memory Map of the image

  Image Entry point : 0x08000189

  Load Region LR_IROM1 (Base: 0x08000000, Size: 0x000010d4, Max: 0x00080000, ABSOLUTE)

    Execution Region ER_IROM1 (Exec base: 0x08000000, Load base: 0x08000000, Size: 0x0000108c, Max: 0x00080000, ABSOLUTE)

    Exec Addr    Load Addr    Size         Type   Attr      Idx    E Section Name        Object

    0x08000000   0x08000000   0x00000188   Data   RO         1318    RESET               startup_stm32f4xx.o
    0x08000188   0x08000188   0x00000000   Code   RO         1399  * .ARM.Collect$$$$00000000  mc_w.l(entry.o)
    0x08000188   0x08000188   0x00000004   Code   RO         1668    .ARM.Collect$$$$00000001  mc_w.l(entry2.o)
    0x0800018c   0x0800018c   0x00000004   Code   RO         1671    .ARM.Collect$$$$00000004  mc_w.l(entry5.o)
    0x08000190   0x08000190   0x00000000   Code   RO         1673    .ARM.Collect$$$$00000008  mc_w.l(entry7b.o)
    0x08000190   0x08000190   0x00000000   Code   RO         1675    .ARM.Collect$$$$0000000A  mc_w.l(entry8b.o)
    0x08000190   0x08000190   0x00000008   Code   RO         1676    .ARM.Collect$$$$0000000B  mc_w.l(entry9a.o)
    0x08000198   0x08000198   0x00000000   Code   RO         1678    .ARM.Collect$$$$0000000D  mc_w.l(entry10a.o)
    0x08000198   0x08000198   0x00000000   Code   RO         1680    .ARM.Collect$$$$0000000F  mc_w.l(entry11a.o)
    0x08000198   0x08000198   0x00000004   Code   RO         1669    .ARM.Collect$$$$00002712  mc_w.l(entry2.o)
    0x0800019c   0x0800019c   0x00000024   Code   RO         1319    .text               startup_stm32f4xx.o
    0x080001c0   0x080001c0   0x0000002c   Code   RO         1682    .text               mc_w.l(uidiv.o)
    0x080001ec   0x080001ec   0x00000024   Code   RO         1697    .text               mc_w.l(init.o)
    0x08000210   0x08000210   0x00000004   Code   RO          194    i.BusFault_Handler  stm32f4xx_it.o
    0x08000214   0x08000214   0x00000002   Code   RO          195    i.DebugMon_Handler  stm32f4xx_it.o
    0x08000216   0x08000216   0x00000002   PAD
    0x08000218   0x08000218   0x00000018   Code   RO          138    i.Delay_ms          main.o
    0x08000230   0x08000230   0x0000003c   Code   RO          196    i.EXTI0_IRQHandler  stm32f4xx_it.o
    0x0800026c   0x0800026c   0x0000000c   Code   RO         1030    i.EXTI_ClearITPendingBit  stm32f4xx_exti.o
    0x08000278   0x08000278   0x00000028   Code   RO         1034    i.EXTI_GetITStatus  stm32f4xx_exti.o
    0x080002a0   0x080002a0   0x00000094   Code   RO         1035    i.EXTI_Init         stm32f4xx_exti.o
    0x08000334   0x08000334   0x0000004a   Code   RO          139    i.EXT_INT_Config_PA0  main.o
    0x0800037e   0x0800037e   0x00000012   Code   RO          940    i.GPIO_ReadInputDataBit  stm32f4xx_gpio.o
    0x08000390   0x08000390   0x00000004   Code   RO          197    i.HardFault_Handler  stm32f4xx_it.o
    0x08000394   0x08000394   0x00000004   Code   RO          198    i.MemManage_Handler  stm32f4xx_it.o
    0x08000398   0x08000398   0x00000002   Code   RO          199    i.NMI_Handler       stm32f4xx_it.o
    0x0800039a   0x0800039a   0x00000002   PAD
    0x0800039c   0x0800039c   0x00000078   Code   RO          895    i.NVIC_Init         misc.o
    0x08000414   0x08000414   0x00000002   Code   RO          200    i.PendSV_Handler    stm32f4xx_it.o
    0x08000416   0x08000416   0x00000002   PAD
    0x08000418   0x08000418   0x00000020   Code   RO          630    i.RCC_APB1PeriphResetCmd  stm32f4xx_rcc.o
    0x08000438   0x08000438   0x00000020   Code   RO          631    i.RCC_APB2PeriphClockCmd  stm32f4xx_rcc.o
    0x08000458   0x08000458   0x00000020   Code   RO          633    i.RCC_APB2PeriphResetCmd  stm32f4xx_rcc.o
    0x08000478   0x08000478   0x000000e8   Code   RO          640    i.RCC_GetClocksFreq  stm32f4xx_rcc.o
    0x08000560   0x08000560   0x00000002   Code   RO          201    i.SVC_Handler       stm32f4xx_it.o
    0x08000562   0x08000562   0x00000002   PAD
    0x08000564   0x08000564   0x00000040   Code   RO         1090    i.SYSCFG_EXTILineConfig  stm32f4xx_syscfg.o
    0x080005a4   0x080005a4   0x000000ec   Code   RO            2    i.SetSysClock       system_stm32f4xx.o
    0x08000690   0x08000690   0x00000010   Code   RO          202    i.SysTick_Handler   stm32f4xx_it.o
    0x080006a0   0x080006a0   0x0000006c   Code   RO            4    i.SystemInit        system_stm32f4xx.o
    0x0800070c   0x0800070c   0x0000000e   Code   RO          307    i.TM_GPIO_GetPortSource  tm_stm32f4_gpio.o
    0x0800071a   0x0800071a   0x00000002   PAD
    0x0800071c   0x0800071c   0x00000020   Code   RO          310    i.TM_GPIO_INT_EnableClock  tm_stm32f4_gpio.o
    0x0800073c   0x0800073c   0x000000b0   Code   RO          311    i.TM_GPIO_INT_Init  tm_stm32f4_gpio.o
    0x080007ec   0x080007ec   0x0000006e   Code   RO          313    i.TM_GPIO_InitAlternate  tm_stm32f4_gpio.o
    0x0800085a   0x0800085a   0x00000002   PAD
    0x0800085c   0x0800085c   0x0000004c   Code   RO          415    i.TM_USART1_InitPins  tm_stm32f4_usart.o
    0x080008a8   0x080008a8   0x0000004c   Code   RO          416    i.TM_USART2_InitPins  tm_stm32f4_usart.o
    0x080008f4   0x080008f4   0x00000050   Code   RO          417    i.TM_USART6_InitPins  tm_stm32f4_usart.o
    0x08000944   0x08000944   0x00000044   Code   RO          422    i.TM_USART_Getc     tm_stm32f4_usart.o
    0x08000988   0x08000988   0x00000028   Code   RO          424    i.TM_USART_INT_GetSubPriority  tm_stm32f4_usart.o
    0x080009b0   0x080009b0   0x00000034   Code   RO          425    i.TM_USART_INT_GetUsart  tm_stm32f4_usart.o
    0x080009e4   0x080009e4   0x00000114   Code   RO          426    i.TM_USART_INT_Init  tm_stm32f4_usart.o
    0x08000af8   0x08000af8   0x00000028   Code   RO          427    i.TM_USART_INT_InsertToBuffer  tm_stm32f4_usart.o
    0x08000b20   0x08000b20   0x00000070   Code   RO          428    i.TM_USART_Init     tm_stm32f4_usart.o
    0x08000b90   0x08000b90   0x00000002   Code   RO          429    i.TM_USART_InitCustomPinsCallback  tm_stm32f4_usart.o
    0x08000b92   0x08000b92   0x00000046   Code   RO          431    i.TM_USART_Puts     tm_stm32f4_usart.o
    0x08000bd8   0x08000bd8   0x00000024   Code   RO          434    i.USART1_IRQHandler  tm_stm32f4_usart.o
    0x08000bfc   0x08000bfc   0x00000024   Code   RO          435    i.USART2_IRQHandler  tm_stm32f4_usart.o
    0x08000c20   0x08000c20   0x00000024   Code   RO          436    i.USART6_IRQHandler  tm_stm32f4_usart.o
    0x08000c44   0x08000c44   0x000000b4   Code   RO         1139    i.USART_DeInit      stm32f4xx_usart.o
    0x08000cf8   0x08000cf8   0x000000d4   Code   RO         1144    i.USART_Init        stm32f4xx_usart.o
    0x08000dcc   0x08000dcc   0x00000004   Code   RO          203    i.UsageFault_Handler  stm32f4xx_it.o
    0x08000dd0   0x08000dd0   0x00000028   Code   RO         1454    i.__0sprintf$1      mc_w.l(printf1.o)
    0x08000df8   0x08000df8   0x0000000e   Code   RO         1709    i.__scatterload_copy  mc_w.l(handlers.o)
    0x08000e06   0x08000e06   0x00000002   Code   RO         1710    i.__scatterload_null  mc_w.l(handlers.o)
    0x08000e08   0x08000e08   0x0000000e   Code   RO         1711    i.__scatterload_zeroinit  mc_w.l(handlers.o)
    0x08000e16   0x08000e16   0x00000002   PAD
    0x08000e18   0x08000e18   0x00000154   Code   RO         1459    i._printf_core      mc_w.l(printf1.o)
    0x08000f6c   0x08000f6c   0x0000000a   Code   RO         1461    i._sputc            mc_w.l(printf1.o)
    0x08000f76   0x08000f76   0x00000002   PAD
    0x08000f78   0x08000f78   0x000000f4   Code   RO          140    i.main              main.o
    0x0800106c   0x0800106c   0x00000020   Data   RO         1707    Region$$Table       anon$$obj.o


    Execution Region RW_IRAM1 (Exec base: 0x20000000, Load base: 0x0800108c, Size: 0x000004c0, Max: 0x00018000, ABSOLUTE)

    Exec Addr    Load Addr    Size         Type   Attr      Idx    E Section Name        Object

    0x20000000   0x0800108c   0x00000004   Data   RW          141    .data               main.o
    0x20000004   0x08001090   0x00000004   Data   RW          204    .data               stm32f4xx_it.o
    0x20000008   0x08001094   0x00000030   Data   RW          438    .data               tm_stm32f4_usart.o
    0x20000038   0x080010c4   0x00000010   Data   RW          663    .data               stm32f4xx_rcc.o
    0x20000048        -       0x00000016   Zero   RW          320    .bss                tm_stm32f4_gpio.o
    0x2000005e        -       0x00000060   Zero   RW          437    .bss                tm_stm32f4_usart.o
    0x200000be   0x080010d4   0x00000002   PAD
    0x200000c0        -       0x00000400   Zero   RW         1316    STACK               startup_stm32f4xx.o


==============================================================================

Image component sizes


      Code (inc. data)   RO Data    RW Data    ZI Data      Debug   Object Name

       342         64          0          4          0      24946   main.o
       120         14          0          0          0       1420   misc.o
        36          8        392          0       1024       1032   startup_stm32f4xx.o
       200         18          0          0          0       2892   stm32f4xx_exti.o
        18          0          0          0          0       1400   stm32f4xx_gpio.o
       100         14          0          4          0       5569   stm32f4xx_it.o
       328         36          0         16          0       5411   stm32f4xx_rcc.o
        64          4          0          0          0        828   stm32f4xx_syscfg.o
       392         32          0          0          0       2728   stm32f4xx_usart.o
       344         34          0          0          0     244021   system_stm32f4xx.o
       332         10          0          0         22       5909   tm_stm32f4_gpio.o
      1000        128          0         48         96      14304   tm_stm32f4_usart.o

    ----------------------------------------------------------------------
      3288        362        424         72       1144     310460   Object Totals
         0          0         32          0          0          0   (incl. Generated)
        12          0          0          0          2          0   (incl. Padding)

    ----------------------------------------------------------------------

      Code (inc. data)   RO Data    RW Data    ZI Data      Debug   Library Member Name

         0          0          0          0          0          0   entry.o
         0          0          0          0          0          0   entry10a.o
         0          0          0          0          0          0   entry11a.o
         8          4          0          0          0          0   entry2.o
         4          0          0          0          0          0   entry5.o
         0          0          0          0          0          0   entry7b.o
         0          0          0          0          0          0   entry8b.o
         8          4          0          0          0          0   entry9a.o
        30          0          0          0          0          0   handlers.o
        36          8          0          0          0         68   init.o
       390         10          0          0          0        252   printf1.o
        44          0          0          0          0         80   uidiv.o

    ----------------------------------------------------------------------
       524         26          0          0          0        400   Library Totals
         4          0          0          0          0          0   (incl. Padding)

    ----------------------------------------------------------------------

      Code (inc. data)   RO Data    RW Data    ZI Data      Debug   Library Name

       520         26          0          0          0        400   mc_w.l

    ----------------------------------------------------------------------
       524         26          0          0          0        400   Library Totals

    ----------------------------------------------------------------------

==============================================================================


      Code (inc. data)   RO Data    RW Data    ZI Data      Debug   

      3812        388        424         72       1144     306960   Grand Totals
      3812        388        424         72       1144     306960   ELF Image Totals
      3812        388        424         72          0          0   ROM Totals

==============================================================================

    Total RO  Size (Code + RO Data)                 4236 (   4.14kB)
    Total RW  Size (RW Data + ZI Data)              1216 (   1.19kB)
    Total ROM Size (Code + RO Data + RW Data)       4308 (   4.21kB)

==============================================================================

